<!doctype html public "-//w3c//dtd html 4.0 transitional//en">
<html><head>
<title>Static Call Graph - [.\Objects\mcx_vision_board.axf]</title></head>
<body><HR>
<H1>Static Call Graph for image .\Objects\mcx_vision_board.axf</H1><HR>
<BR><P>#&#060CALLGRAPH&#062# ARM Linker, 6190004: Last Updated: Sun Jul 19 19:10:55 2026
<BR><P>
<H3>Maximum Stack Usage =       1968 bytes + Unknown(Functions without stacksize, Cycles, Untraceable Function Pointers)</H3><H3>
Call chain for Maximum Stack Depth:</H3>
_printf_f &rArr; _printf_fp_dec &rArr; _printf_fp_dec_real &rArr; _fp_digits &rArr; _btod_main &rArr; _btod_common &rArr; _btod_pow &rArr; _btod_mul
<P>
<H3>
Functions with no stack information
</H3><UL>
 <LI><a href="#[1]">Reset_Handler</a>
 <LI><a href="#[d7]">ADC0_DriverIRQHandler</a>
 <LI><a href="#[d8]">ADC1_DriverIRQHandler</a>
 <LI><a href="#[12f]">BSP32_DriverIRQHandler</a>
 <LI><a href="#[5]">BusFault_Handler</a>
 <LI><a href="#[e8]">CAN0_DriverIRQHandler</a>
 <LI><a href="#[e9]">CAN1_DriverIRQHandler</a>
 <LI><a href="#[107]">CDOG0_DriverIRQHandler</a>
 <LI><a href="#[108]">CDOG1_DriverIRQHandler</a>
 <LI><a href="#[144]">CMC0_DriverIRQHandler</a>
 <LI><a href="#[145]">CTI0_DriverIRQHandler</a>
 <LI><a href="#[114]">DAC0_DriverIRQHandler</a>
 <LI><a href="#[115]">DAC1_DriverIRQHandler</a>
 <LI><a href="#[116]">DAC2_DriverIRQHandler</a>
 <LI><a href="#[9]">DebugMon_Handler</a>
 <LI><a href="#[0]">DefaultISR</a>
 <LI><a href="#[f3]">ELS_DriverIRQHandler</a>
 <LI><a href="#[130]">ELS_ERR_DriverIRQHandler</a>
 <LI><a href="#[111]">EMVSIM0_DriverIRQHandler</a>
 <LI><a href="#[112]">EMVSIM1_DriverIRQHandler</a>
 <LI><a href="#[126]">ENC0_COMPARE_DriverIRQHandler</a>
 <LI><a href="#[127]">ENC0_HOME_DriverIRQHandler</a>
 <LI><a href="#[129]">ENC0_IDX_DriverIRQHandler</a>
 <LI><a href="#[128]">ENC0_WDG_SAB_DriverIRQHandler</a>
 <LI><a href="#[12a]">ENC1_COMPARE_DriverIRQHandler</a>
 <LI><a href="#[12b]">ENC1_HOME_DriverIRQHandler</a>
 <LI><a href="#[12d]">ENC1_IDX_DriverIRQHandler</a>
 <LI><a href="#[12c]">ENC1_WDG_SAB_DriverIRQHandler</a>
 <LI><a href="#[133]">ERM_MULTI_BIT_ERROR_DriverIRQHandler</a>
 <LI><a href="#[132]">ERM_SINGLE_BIT_ERROR_DriverIRQHandler</a>
 <LI><a href="#[13f]">ETB0_DriverIRQHandler</a>
 <LI><a href="#[135]">ETHERNET_DriverIRQHandler</a>
 <LI><a href="#[137]">ETHERNET_MACLP_DriverIRQHandler</a>
 <LI><a href="#[136]">ETHERNET_PMT_DriverIRQHandler</a>
 <LI><a href="#[10e]">EWM0_DriverIRQHandler</a>
 <LI><a href="#[11b]">FLEXPWM0_FAULT_DriverIRQHandler</a>
 <LI><a href="#[11a]">FLEXPWM0_RELOAD_ERROR_DriverIRQHandler</a>
 <LI><a href="#[11c]">FLEXPWM0_SUBMODULE0_DriverIRQHandler</a>
 <LI><a href="#[11d]">FLEXPWM0_SUBMODULE1_DriverIRQHandler</a>
 <LI><a href="#[11e]">FLEXPWM0_SUBMODULE2_DriverIRQHandler</a>
 <LI><a href="#[11f]">FLEXPWM0_SUBMODULE3_DriverIRQHandler</a>
 <LI><a href="#[121]">FLEXPWM1_FAULT_DriverIRQHandler</a>
 <LI><a href="#[120]">FLEXPWM1_RELOAD_ERROR_DriverIRQHandler</a>
 <LI><a href="#[122]">FLEXPWM1_SUBMODULE0_DriverIRQHandler</a>
 <LI><a href="#[123]">FLEXPWM1_SUBMODULE1_DriverIRQHandler</a>
 <LI><a href="#[124]">FLEXPWM1_SUBMODULE2_DriverIRQHandler</a>
 <LI><a href="#[125]">FLEXPWM1_SUBMODULE3_DriverIRQHandler</a>
 <LI><a href="#[e4]">FLEXSPI0_DriverIRQHandler</a>
 <LI><a href="#[134]">FMU0_DriverIRQHandler</a>
 <LI><a href="#[f1]">Freqme_DriverIRQHandler</a>
 <LI><a href="#[10c]">GDET_DriverIRQHandler</a>
 <LI><a href="#[bb]">GPIO00_DriverIRQHandler</a>
 <LI><a href="#[bc]">GPIO01_DriverIRQHandler</a>
 <LI><a href="#[bd]">GPIO10_DriverIRQHandler</a>
 <LI><a href="#[be]">GPIO11_DriverIRQHandler</a>
 <LI><a href="#[bf]">GPIO20_DriverIRQHandler</a>
 <LI><a href="#[c0]">GPIO21_DriverIRQHandler</a>
 <LI><a href="#[c1]">GPIO30_DriverIRQHandler</a>
 <LI><a href="#[c2]">GPIO31_DriverIRQHandler</a>
 <LI><a href="#[c3]">GPIO40_DriverIRQHandler</a>
 <LI><a href="#[c4]">GPIO41_DriverIRQHandler</a>
 <LI><a href="#[c5]">GPIO50_DriverIRQHandler</a>
 <LI><a href="#[c6]">GPIO51_DriverIRQHandler</a>
 <LI><a href="#[117]">HSCMP0_DriverIRQHandler</a>
 <LI><a href="#[118]">HSCMP1_DriverIRQHandler</a>
 <LI><a href="#[119]">HSCMP2_DriverIRQHandler</a>
 <LI><a href="#[109]">I3C0_DriverIRQHandler</a>
 <LI><a href="#[10a]">I3C1_DriverIRQHandler</a>
 <LI><a href="#[12e]">ITRC0_DriverIRQHandler</a>
 <LI><a href="#[139]">LPTMR0_DriverIRQHandler</a>
 <LI><a href="#[13a]">LPTMR1_DriverIRQHandler</a>
 <LI><a href="#[e0]">MAILBOX_DriverIRQHandler</a>
 <LI><a href="#[c8]">MRT0_DriverIRQHandler</a>
 <LI><a href="#[4]">MemManage_Handler</a>
 <LI><a href="#[10b]">NPU_DriverIRQHandler</a>
 <LI><a href="#[aa]">OR_DriverIRQHandler</a>
 <LI><a href="#[e3]">OS_EVENT_DriverIRQHandler</a>
 <LI><a href="#[da]">PDM_EVENT_DriverIRQHandler</a>
 <LI><a href="#[d9]">PINT0_DriverIRQHandler</a>
 <LI><a href="#[f4]">PKC_DriverIRQHandler</a>
 <LI><a href="#[131]">PKC_ERR_DriverIRQHandler</a>
 <LI><a href="#[13e]">PORT_EFT_DriverIRQHandler</a>
 <LI><a href="#[f6]">PQ_DriverIRQHandler</a>
 <LI><a href="#[f5]">PUF_DriverIRQHandler</a>
 <LI><a href="#[de]">RTC_DriverIRQHandler</a>
 <LI><a href="#[db]">Reserved65_DriverIRQHandler</a>
 <LI><a href="#[ea]">Reserved80_DriverIRQHandler</a>
 <LI><a href="#[eb]">Reserved81_DriverIRQHandler</a>
 <LI><a href="#[ef]">Reserved85_DriverIRQHandler</a>
 <LI><a href="#[e5]">SAI0_DriverIRQHandler</a>
 <LI><a href="#[e6]">SAI1_DriverIRQHandler</a>
 <LI><a href="#[13b]">SCG_DriverIRQHandler</a>
 <LI><a href="#[cb]">SCT0_DriverIRQHandler</a>
 <LI><a href="#[ee]">SEC_HYPERVISOR_CALL_DriverIRQHandler</a>
 <LI><a href="#[f2]">SEC_VIO_DriverIRQHandler</a>
 <LI><a href="#[138]">SINC_FILTER_DriverIRQHandler</a>
 <LI><a href="#[140]">SM3_DriverIRQHandler</a>
 <LI><a href="#[df]">SMARTDMA_DriverIRQHandler</a>
 <LI><a href="#[13c]">SPC_DriverIRQHandler</a>
 <LI><a href="#[7]">SecureFault_Handler</a>
 <LI><a href="#[141]">TRNG0_DriverIRQHandler</a>
 <LI><a href="#[10f]">TSI_END_OF_SCAN_DriverIRQHandler</a>
 <LI><a href="#[110]">TSI_OUT_OF_SCAN_DriverIRQHandler</a>
 <LI><a href="#[dd]">USB0_DCD_DriverIRQHandler</a>
 <LI><a href="#[dc]">USB0_FS_DriverIRQHandler</a>
 <LI><a href="#[ed]">USB1_HS_DriverIRQHandler</a>
 <LI><a href="#[ec]">USB1_HS_PHY_DriverIRQHandler</a>
 <LI><a href="#[c7]">UTICK0_DriverIRQHandler</a>
 <LI><a href="#[6]">UsageFault_Handler</a>
 <LI><a href="#[10d]">VBAT0_DriverIRQHandler</a>
 <LI><a href="#[13d]">WUU_DriverIRQHandler</a>
 <LI><a href="#[142]">WWDT0_DriverIRQHandler</a>
 <LI><a href="#[143]">WWDT1_DriverIRQHandler</a>
 <LI><a href="#[2]">NMI_Handler</a>
 <LI><a href="#[8]">SVC_Handler</a>
 <LI><a href="#[a]">PendSV_Handler</a>
 <LI><a href="#[b]">SysTick_Handler</a>
 <LI><a href="#[c]">OR_IRQHandler</a>
 <LI><a href="#[d]">EDMA_0_CH0_IRQHandler</a>
 <LI><a href="#[e]">EDMA_0_CH1_IRQHandler</a>
 <LI><a href="#[f]">EDMA_0_CH2_IRQHandler</a>
 <LI><a href="#[10]">EDMA_0_CH3_IRQHandler</a>
 <LI><a href="#[11]">EDMA_0_CH4_IRQHandler</a>
 <LI><a href="#[12]">EDMA_0_CH5_IRQHandler</a>
 <LI><a href="#[13]">EDMA_0_CH6_IRQHandler</a>
 <LI><a href="#[14]">EDMA_0_CH7_IRQHandler</a>
 <LI><a href="#[15]">EDMA_0_CH8_IRQHandler</a>
 <LI><a href="#[16]">EDMA_0_CH9_IRQHandler</a>
 <LI><a href="#[17]">EDMA_0_CH10_IRQHandler</a>
 <LI><a href="#[18]">EDMA_0_CH11_IRQHandler</a>
 <LI><a href="#[19]">EDMA_0_CH12_IRQHandler</a>
 <LI><a href="#[1a]">EDMA_0_CH13_IRQHandler</a>
 <LI><a href="#[1b]">EDMA_0_CH14_IRQHandler</a>
 <LI><a href="#[1c]">EDMA_0_CH15_IRQHandler</a>
 <LI><a href="#[29]">UTICK0_IRQHandler</a>
 <LI><a href="#[2a]">MRT0_IRQHandler</a>
 <LI><a href="#[2b]">CTIMER0_IRQHandler</a>
 <LI><a href="#[2c]">CTIMER1_IRQHandler</a>
 <LI><a href="#[2d]">SCT0_IRQHandler</a>
 <LI><a href="#[2e]">CTIMER2_IRQHandler</a>
 <LI><a href="#[2f]">LP_FLEXCOMM0_IRQHandler</a>
 <LI><a href="#[30]">LP_FLEXCOMM1_IRQHandler</a>
 <LI><a href="#[31]">LP_FLEXCOMM2_IRQHandler</a>
 <LI><a href="#[32]">LP_FLEXCOMM3_IRQHandler</a>
 <LI><a href="#[35]">LP_FLEXCOMM6_IRQHandler</a>
 <LI><a href="#[36]">LP_FLEXCOMM7_IRQHandler</a>
 <LI><a href="#[37]">LP_FLEXCOMM8_IRQHandler</a>
 <LI><a href="#[38]">LP_FLEXCOMM9_IRQHandler</a>
 <LI><a href="#[39]">ADC0_IRQHandler</a>
 <LI><a href="#[3a]">ADC1_IRQHandler</a>
 <LI><a href="#[3b]">PINT0_IRQHandler</a>
 <LI><a href="#[3c]">PDM_EVENT_IRQHandler</a>
 <LI><a href="#[3d]">Reserved65_IRQHandler</a>
 <LI><a href="#[3e]">USB0_FS_IRQHandler</a>
 <LI><a href="#[3f]">USB0_DCD_IRQHandler</a>
 <LI><a href="#[40]">RTC_IRQHandler</a>
 <LI><a href="#[42]">MAILBOX_IRQHandler</a>
 <LI><a href="#[43]">CTIMER3_IRQHandler</a>
 <LI><a href="#[44]">CTIMER4_IRQHandler</a>
 <LI><a href="#[45]">OS_EVENT_IRQHandler</a>
 <LI><a href="#[46]">FLEXSPI0_IRQHandler</a>
 <LI><a href="#[47]">SAI0_IRQHandler</a>
 <LI><a href="#[48]">SAI1_IRQHandler</a>
 <LI><a href="#[49]">USDHC0_IRQHandler</a>
 <LI><a href="#[4a]">CAN0_IRQHandler</a>
 <LI><a href="#[4b]">CAN1_IRQHandler</a>
 <LI><a href="#[4c]">Reserved80_IRQHandler</a>
 <LI><a href="#[4d]">Reserved81_IRQHandler</a>
 <LI><a href="#[4e]">USB1_HS_PHY_IRQHandler</a>
 <LI><a href="#[4f]">USB1_HS_IRQHandler</a>
 <LI><a href="#[50]">SEC_HYPERVISOR_CALL_IRQHandler</a>
 <LI><a href="#[51]">Reserved85_IRQHandler</a>
 <LI><a href="#[52]">PLU_IRQHandler</a>
 <LI><a href="#[53]">Freqme_IRQHandler</a>
 <LI><a href="#[54]">SEC_VIO_IRQHandler</a>
 <LI><a href="#[55]">ELS_IRQHandler</a>
 <LI><a href="#[56]">PKC_IRQHandler</a>
 <LI><a href="#[57]">PUF_IRQHandler</a>
 <LI><a href="#[58]">PQ_IRQHandler</a>
 <LI><a href="#[59]">EDMA_1_CH0_IRQHandler</a>
 <LI><a href="#[5a]">EDMA_1_CH1_IRQHandler</a>
 <LI><a href="#[5b]">EDMA_1_CH2_IRQHandler</a>
 <LI><a href="#[5c]">EDMA_1_CH3_IRQHandler</a>
 <LI><a href="#[5d]">EDMA_1_CH4_IRQHandler</a>
 <LI><a href="#[5e]">EDMA_1_CH5_IRQHandler</a>
 <LI><a href="#[5f]">EDMA_1_CH6_IRQHandler</a>
 <LI><a href="#[60]">EDMA_1_CH7_IRQHandler</a>
 <LI><a href="#[61]">EDMA_1_CH8_IRQHandler</a>
 <LI><a href="#[62]">EDMA_1_CH9_IRQHandler</a>
 <LI><a href="#[63]">EDMA_1_CH10_IRQHandler</a>
 <LI><a href="#[64]">EDMA_1_CH11_IRQHandler</a>
 <LI><a href="#[65]">EDMA_1_CH12_IRQHandler</a>
 <LI><a href="#[66]">EDMA_1_CH13_IRQHandler</a>
 <LI><a href="#[67]">EDMA_1_CH14_IRQHandler</a>
 <LI><a href="#[68]">EDMA_1_CH15_IRQHandler</a>
 <LI><a href="#[69]">CDOG0_IRQHandler</a>
 <LI><a href="#[6a]">CDOG1_IRQHandler</a>
 <LI><a href="#[6b]">I3C0_IRQHandler</a>
 <LI><a href="#[6c]">I3C1_IRQHandler</a>
 <LI><a href="#[6d]">NPU_IRQHandler</a>
 <LI><a href="#[6e]">GDET_IRQHandler</a>
 <LI><a href="#[6f]">VBAT0_IRQHandler</a>
 <LI><a href="#[70]">EWM0_IRQHandler</a>
 <LI><a href="#[71]">TSI_END_OF_SCAN_IRQHandler</a>
 <LI><a href="#[72]">TSI_OUT_OF_SCAN_IRQHandler</a>
 <LI><a href="#[73]">EMVSIM0_IRQHandler</a>
 <LI><a href="#[74]">EMVSIM1_IRQHandler</a>
 <LI><a href="#[75]">FLEXIO_IRQHandler</a>
 <LI><a href="#[76]">DAC0_IRQHandler</a>
 <LI><a href="#[77]">DAC1_IRQHandler</a>
 <LI><a href="#[78]">DAC2_IRQHandler</a>
 <LI><a href="#[79]">HSCMP0_IRQHandler</a>
 <LI><a href="#[7a]">HSCMP1_IRQHandler</a>
 <LI><a href="#[7b]">HSCMP2_IRQHandler</a>
 <LI><a href="#[7c]">FLEXPWM0_RELOAD_ERROR_IRQHandler</a>
 <LI><a href="#[7d]">FLEXPWM0_FAULT_IRQHandler</a>
 <LI><a href="#[7e]">FLEXPWM0_SUBMODULE0_IRQHandler</a>
 <LI><a href="#[7f]">FLEXPWM0_SUBMODULE1_IRQHandler</a>
 <LI><a href="#[80]">FLEXPWM0_SUBMODULE2_IRQHandler</a>
 <LI><a href="#[81]">FLEXPWM0_SUBMODULE3_IRQHandler</a>
 <LI><a href="#[82]">FLEXPWM1_RELOAD_ERROR_IRQHandler</a>
 <LI><a href="#[83]">FLEXPWM1_FAULT_IRQHandler</a>
 <LI><a href="#[84]">FLEXPWM1_SUBMODULE0_IRQHandler</a>
 <LI><a href="#[85]">FLEXPWM1_SUBMODULE1_IRQHandler</a>
 <LI><a href="#[86]">FLEXPWM1_SUBMODULE2_IRQHandler</a>
 <LI><a href="#[87]">FLEXPWM1_SUBMODULE3_IRQHandler</a>
 <LI><a href="#[88]">ENC0_COMPARE_IRQHandler</a>
 <LI><a href="#[89]">ENC0_HOME_IRQHandler</a>
 <LI><a href="#[8a]">ENC0_WDG_SAB_IRQHandler</a>
 <LI><a href="#[8b]">ENC0_IDX_IRQHandler</a>
 <LI><a href="#[8c]">ENC1_COMPARE_IRQHandler</a>
 <LI><a href="#[8d]">ENC1_HOME_IRQHandler</a>
 <LI><a href="#[8e]">ENC1_WDG_SAB_IRQHandler</a>
 <LI><a href="#[8f]">ENC1_IDX_IRQHandler</a>
 <LI><a href="#[90]">ITRC0_IRQHandler</a>
 <LI><a href="#[91]">BSP32_IRQHandler</a>
 <LI><a href="#[92]">ELS_ERR_IRQHandler</a>
 <LI><a href="#[93]">PKC_ERR_IRQHandler</a>
 <LI><a href="#[94]">ERM_SINGLE_BIT_ERROR_IRQHandler</a>
 <LI><a href="#[95]">ERM_MULTI_BIT_ERROR_IRQHandler</a>
 <LI><a href="#[96]">FMU0_IRQHandler</a>
 <LI><a href="#[97]">ETHERNET_IRQHandler</a>
 <LI><a href="#[98]">ETHERNET_PMT_IRQHandler</a>
 <LI><a href="#[99]">ETHERNET_MACLP_IRQHandler</a>
 <LI><a href="#[9a]">SINC_FILTER_IRQHandler</a>
 <LI><a href="#[9b]">LPTMR0_IRQHandler</a>
 <LI><a href="#[9c]">LPTMR1_IRQHandler</a>
 <LI><a href="#[9d]">SCG_IRQHandler</a>
 <LI><a href="#[9e]">SPC_IRQHandler</a>
 <LI><a href="#[9f]">WUU_IRQHandler</a>
 <LI><a href="#[a0]">PORT_EFT_IRQHandler</a>
 <LI><a href="#[a1]">ETB0_IRQHandler</a>
 <LI><a href="#[a2]">SM3_IRQHandler</a>
 <LI><a href="#[a3]">TRNG0_IRQHandler</a>
 <LI><a href="#[a4]">WWDT0_IRQHandler</a>
 <LI><a href="#[a5]">WWDT1_IRQHandler</a>
 <LI><a href="#[a6]">CMC0_IRQHandler</a>
 <LI><a href="#[a7]">CTI0_IRQHandler</a>
 <LI><a href="#[249]">Abs</a>
 <LI><a href="#[24b]">Activation</a>
 <LI><a href="#[24c]">Add</a>
 <LI><a href="#[259]">BatchMulAdd</a>
 <LI><a href="#[25a]">BitTransformation</a>
 <LI><a href="#[25f]">CallKernel</a>
 <LI><a href="#[276]">CallKernelWrapper</a>
 <LI><a href="#[268]">CastInt16ToInt8</a>
 <LI><a href="#[269]">CastInt8ToInt16</a>
 <LI><a href="#[272]">Conv1DStandard</a>
 <LI><a href="#[26e]">Conv2DAtrous</a>
 <LI><a href="#[265]">Conv2DDepthwiseNeutron16x16Kernel3x3</a>
 <LI><a href="#[264]">Conv2DDepthwiseV1</a>
 <LI><a href="#[275]">Conv2DDepthwiseV2</a>
 <LI><a href="#[263]">Conv2DPointwise</a>
 <LI><a href="#[260]">Conv2DStandardV1</a>
 <LI><a href="#[266]">Conv2DStandardV2</a>
 <LI><a href="#[267]">Conv2DStandardV3</a>
 <LI><a href="#[27a]">DebugLog</a>
 <LI><a href="#[24a]">EXEC</a>
 <LI><a href="#[271]">FullyConnected</a>
 <LI><a href="#[283]">GetKernelArgSz</a>
 <LI><a href="#[282]">GetKernelArgSzWrapper</a>
 <LI><a href="#[36d]">GetMaxArgSz</a>
 <LI><a href="#[261]">GlobalAvgPool</a>
 <LI><a href="#[26a]">GlobalMaxPool</a>
 <LI><a href="#[27b]">InvokeDebugLogCallback</a>
 <LI><a href="#[262]">MaxPool</a>
 <LI><a href="#[26c]">MemCpy</a>
 <LI><a href="#[273]">MirrorPad</a>
 <LI><a href="#[26f]">MulInt16</a>
 <LI><a href="#[35d]">NeutronFirmwareTraceInit</a>
 <LI><a href="#[296]">NeutronMicroInstrPost</a>
 <LI><a href="#[298]">NeutronMicroInstrPre</a>
 <LI><a href="#[270]">Pad</a>
 <LI><a href="#[26b]">Sequence</a>
 <LI><a href="#[26d]">Slice</a>
 <LI><a href="#[324]">TfLiteIntArrayGetSizeInBytes</a>
 <LI><a href="#[2b8]">TfLiteTypeGetName</a>
 <LI><a href="#[274]">Upsample2DV1</a>
 <LI><a href="#[2a0]">MicroPrintf(char const*, ...)</a>
 <LI><a href="#[2a1]">VMicroPrintf(char const*, std::__va_list)</a>
 <LI><a href="#[2ae]">AbortImpl()</a>
 <LI><a href="#[2af]">flatbuffers::Vector&lang;long&rang; const* flatbuffers::Table::GetPointer&lang;flatbuffers::Vector&lang;long&rang; const*&rang;(unsigned short)</a>
 <LI><a href="#[149]">tflite::ParseSlice(tflite::Operator const*, tflite::ErrorReporter*, tflite::BuiltinDataAllocator*, void**)</a>
 <LI><a href="#[2dd]">tflite::AlignSizeUp(unsigned int, unsigned int)</a>
 <LI><a href="#[2c7]">tflite::ElementCount(TfLiteIntArray const&)</a>
 <LI><a href="#[2c0]">tflite::MicroContext::AllocateTempInputTensor(TfLiteNode const*, int)</a>
 <LI><a href="#[2c1]">tflite::MicroContext::AllocateTempOutputTensor(TfLiteNode const*, int)</a>
 <LI><a href="#[14a]">tflite::ParseReshape(tflite::Operator const*, tflite::ErrorReporter*, tflite::BuiltinDataAllocator*, void**)</a>
 <LI><a href="#[14b]">tflite::ParseSoftmax(tflite::Operator const*, tflite::ErrorReporter*, tflite::BuiltinDataAllocator*, void**)</a>
 <LI><a href="#[2ce]">tflite::ErrorReporter::Report(char const*, ...)</a>
 <LI><a href="#[14c]">tflite::ParseQuantize(tflite::Operator const*, tflite::ErrorReporter*, tflite::BuiltinDataAllocator*, void**)</a>
 <LI><a href="#[2df]">tflite::AlignPointerUp(unsigned char*, unsigned int)</a>
 <LI><a href="#[160]">tflite::DequantizeEval(TfLiteContext*, TfLiteNode*)</a>
 <LI><a href="#[162]">tflite::DequantizeInit(TfLiteContext*, char const*, unsigned int)</a>
 <LI><a href="#[2f5]">tflite::GetBuiltinCode(tflite::OperatorCode const*)</a>
 <LI><a href="#[2cd]">tflite::GetTensorShape(TfLiteTensor const*)</a>
 <LI><a href="#[178]">tflite::MicroAllocator::AllocateVariables(tflite::SubGraph const*, TfLiteEvalTensor*, long const*)</a>
 <LI><a href="#[16f]">tflite::MicroAllocator::AllocateTempBuffer(unsigned int, unsigned int)</a>
 <LI><a href="#[170]">tflite::MicroAllocator::DeallocateTempBuffer(unsigned char*)</a>
 <LI><a href="#[172]">tflite::MicroAllocator::IsAllTempDeallocated()</a>
 <LI><a href="#[171]">tflite::MicroAllocator::ResetTempAllocations()</a>
 <LI><a href="#[2d4]">tflite::MicroAllocator::StartModelAllocation(tflite::Model const*)</a>
 <LI><a href="#[2d7]">tflite::MicroAllocator::FinishModelAllocation(tflite::Model const*, tflite::SubgraphAllocations*, tflite::ScratchBufferHandle**)</a>
 <LI><a href="#[2d5]">tflite::MicroAllocator::InitScratchBufferData()</a>
 <LI><a href="#[17b]">tflite::MicroAllocator::CommitStaticMemoryPlan(tflite::Model const*, tflite::SubgraphAllocations*, tflite::ScratchBufferHandle*)</a>
 <LI><a href="#[2f3]">tflite::MicroAllocator::GetBuiltinDataAllocator()</a>
 <LI><a href="#[173]">tflite::MicroAllocator::AllocatePersistentBuffer(unsigned int)</a>
 <LI><a href="#[16d]">tflite::MicroAllocator::AllocateTempTfLiteTensor(tflite::Model const*, tflite::SubgraphAllocations const*, int, int)</a>
 <LI><a href="#[2db]">tflite::MicroAllocator::GetScratchBufferRequests()</a>
 <LI><a href="#[177]">tflite::MicroAllocator::AllocateTfLiteEvalTensors(tflite::Model const*, tflite::SubgraphAllocations*)</a>
 <LI><a href="#[16e]">tflite::MicroAllocator::DeallocateTempTfLiteTensor(TfLiteTensor*)</a>
 <LI><a href="#[2e1]">tflite::MicroAllocator::RequestScratchBufferInArena(unsigned int, int, int*)</a>
 <LI><a href="#[176]">tflite::MicroAllocator::AllocateNodeAndRegistrations(tflite::Model const*, tflite::SubgraphAllocations*)</a>
 <LI><a href="#[17c]">tflite::MicroAllocator::AllocateScratchBufferHandles(tflite::ScratchBufferHandle**, unsigned int)</a>
 <LI><a href="#[2e3]">tflite::MicroAllocator::FinishPrepareNodeAllocations(int)</a>
 <LI><a href="#[16c]">tflite::MicroAllocator::AllocatePersistentTfLiteTensor(tflite::Model const*, tflite::SubgraphAllocations const*, int, int)</a>
 <LI><a href="#[17a]">tflite::MicroAllocator::PopulateTfLiteTensorFromFlatbuffer(tflite::Model const*, TfLiteTensor*, int, int, bool)</a>
 <LI><a href="#[179]">tflite::MicroAllocator::AllocatePersistentTfLiteTensorInternal()</a>
 <LI><a href="#[2e8]">tflite::MicroAllocator::Create(tflite::SingleArenaBufferAllocator*, tflite::MicroMemoryPlanner*)</a>
 <LI><a href="#[2e5]">tflite::MicroAllocator::Create(unsigned char*, unsigned int, tflite::MemoryPlannerType)</a>
 <LI><a href="#[175]">tflite::MicroAllocator::~MicroAllocator__deallocating()</a>
 <LI><a href="#[174]">tflite::MicroAllocator::~MicroAllocator()</a>
 <LI><a href="#[3e9]">tflite::MicroAllocator::~MicroAllocator__sub_object()</a>
 <LI><a href="#[2a4]">tflite::Register_SLICE()</a>
 <LI><a href="#[14d]">tflite::ParseDequantize(tflite::Operator const*, tflite::ErrorReporter*, tflite::BuiltinDataAllocator*, void**)</a>
 <LI><a href="#[321]">tflite::AlignPointerDown(unsigned char*, unsigned int)</a>
 <LI><a href="#[2eb]">tflite::MicroInterpreter::AllocateTensors()</a>
 <LI><a href="#[2ed]">tflite::MicroInterpreter::PrepareNodeAndRegistrationDataFromFlatbuffer()</a>
 <LI><a href="#[2f9]">tflite::MicroInterpreter::Init(tflite::MicroProfilerInterface*)</a>
 <LI><a href="#[2f2]">tflite::MicroInterpreter::Reset()</a>
 <LI><a href="#[2fa]">tflite::MicroInterpreter::input(unsigned int)</a>
 <LI><a href="#[2fb]">tflite::MicroInterpreter::Invoke()</a>
 <LI><a href="#[2fc]">tflite::MicroInterpreter::output(unsigned int)</a>
 <LI><a href="#[2fd]">tflite::MicroInterpreter::MicroInterpreter(tflite::Model const*, tflite::MicroOpResolver const&, unsigned char*, unsigned int, tflite::MicroResourceVariables*, tflite::MicroProfilerInterface*, bool)</a>
 <LI><a href="#[3ea]">tflite::MicroInterpreter::MicroInterpreter__sub_object(tflite::Model const*, tflite::MicroOpResolver const&, unsigned char*, unsigned int, tflite::MicroResourceVariables*, tflite::MicroProfilerInterface*, bool)</a>
 <LI><a href="#[300]">tflite::MicroInterpreter::~MicroInterpreter()</a>
 <LI><a href="#[3eb]">tflite::MicroInterpreter::~MicroInterpreter__sub_object()</a>
 <LI><a href="#[2a6]">tflite::Register_RESHAPE()</a>
 <LI><a href="#[2a7]">tflite::Register_SOFTMAX()</a>
 <LI><a href="#[2c6]">tflite::TfLiteTypeSizeOf(TfLiteType, unsigned int*)</a>
 <LI><a href="#[301]">tflite::ConvertTensorType(tflite::TensorType, TfLiteType*)</a>
 <LI><a href="#[303]">tflite::ConvertTensorType(tflite::TensorType, TfLiteType*, tflite::ErrorReporter*)</a>
 <LI><a href="#[161]">tflite::DequantizePrepare(TfLiteContext*, TfLiteNode*)</a>
 <LI><a href="#[2a8]">tflite::Register_QUANTIZE()</a>
 <LI><a href="#[17f]">tflite::MicroErrorReporter::Report(char const*, std::__va_list)</a>
 <LI><a href="#[17e]">tflite::MicroErrorReporter::~MicroErrorReporter__deallocating()</a>
 <LI><a href="#[17d]">tflite::MicroErrorReporter::~MicroErrorReporter()</a>
 <LI><a href="#[3ec]">tflite::MicroErrorReporter::~MicroErrorReporter__sub_object()</a>
 <LI><a href="#[193]">tflite::MicroMemoryPlanner::PrintMemoryPlan()</a>
 <LI><a href="#[191]">tflite::MicroMemoryPlanner::Init(unsigned char*, int)</a>
 <LI><a href="#[18d]">tflite::MicroMemoryPlanner::AddBuffer(int, int, int, int)</a>
 <LI><a href="#[305]">tflite::QuantizeMultiplier(double, long*, int*)</a>
 <LI><a href="#[30b]">tflite::ReverseSortInPlace(int*, int*, int)</a>
 <LI><a href="#[185]">tflite::GreedyMemoryPlanner::GetBufferCount()</a>
 <LI><a href="#[189]">tflite::GreedyMemoryPlanner::PrintMemoryPlan()</a>
 <LI><a href="#[186]">tflite::GreedyMemoryPlanner::GetOffsetForBuffer(int, int*)</a>
 <LI><a href="#[184]">tflite::GreedyMemoryPlanner::GetMaximumMemorySize()</a>
 <LI><a href="#[30a]">tflite::GreedyMemoryPlanner::CalculateOffsetsIfNeeded()</a>
 <LI><a href="#[30c]">tflite::GreedyMemoryPlanner::NextSimultaneouslyActiveBuffer(tflite::GreedyMemoryPlanner::ListEntry const*, int, int)</a>
 <LI><a href="#[187]">tflite::GreedyMemoryPlanner::Init(unsigned char*, int)</a>
 <LI><a href="#[182]">tflite::GreedyMemoryPlanner::AddBuffer(int, int, int)</a>
 <LI><a href="#[183]">tflite::GreedyMemoryPlanner::AddBuffer(int, int, int, int)</a>
 <LI><a href="#[2e9]">tflite::GreedyMemoryPlanner::GreedyMemoryPlanner()</a>
 <LI><a href="#[3ed]">tflite::GreedyMemoryPlanner::GreedyMemoryPlanner__sub_object()</a>
 <LI><a href="#[181]">tflite::GreedyMemoryPlanner::~GreedyMemoryPlanner__deallocating()</a>
 <LI><a href="#[180]">tflite::GreedyMemoryPlanner::~GreedyMemoryPlanner()</a>
 <LI><a href="#[3ee]">tflite::GreedyMemoryPlanner::~GreedyMemoryPlanner__sub_object()</a>
 <LI><a href="#[18f]">tflite::LinearMemoryPlanner::GetBufferCount()</a>
 <LI><a href="#[190]">tflite::LinearMemoryPlanner::GetOffsetForBuffer(int, int*)</a>
 <LI><a href="#[18e]">tflite::LinearMemoryPlanner::GetMaximumMemorySize()</a>
 <LI><a href="#[18c]">tflite::LinearMemoryPlanner::AddBuffer(int, int, int)</a>
 <LI><a href="#[2e7]">tflite::LinearMemoryPlanner::LinearMemoryPlanner()</a>
 <LI><a href="#[3ef]">tflite::LinearMemoryPlanner::LinearMemoryPlanner__sub_object()</a>
 <LI><a href="#[18b]">tflite::LinearMemoryPlanner::~LinearMemoryPlanner__deallocating()</a>
 <LI><a href="#[18a]">tflite::LinearMemoryPlanner::~LinearMemoryPlanner()</a>
 <LI><a href="#[3f0]">tflite::LinearMemoryPlanner::~LinearMemoryPlanner__sub_object()</a>
 <LI><a href="#[2a9]">tflite::Register_DEQUANTIZE()</a>
 <LI><a href="#[31a]">tflite::ScopedMicroProfiler::~ScopedMicroProfiler()</a>
 <LI><a href="#[3f1]">tflite::ScopedMicroProfiler::~ScopedMicroProfiler__sub_object()</a>
 <LI><a href="#[30e]">tflite::CalculateInputRadius(int, int, int)</a>
 <LI><a href="#[313]">tflite::NumSubgraphOperators(tflite::Model const*, int)</a>
 <LI><a href="#[2e2]">tflite::NumSubgraphOperators(tflite::SubGraph const*)</a>
 <LI><a href="#[314]">tflite::AllocationInfoBuilder::ValidateSubgraph(tflite::SubGraph const*, TfLiteEvalTensor*)</a>
 <LI><a href="#[2de]">tflite::AllocationInfoBuilder::FreeAllocationInfo()</a>
 <LI><a href="#[2d8]">tflite::AllocationInfoBuilder::CreateAllocationInfo(int)</a>
 <LI><a href="#[2dc]">tflite::AllocationInfoBuilder::MarkAllocationLifetimes(int, tflite::internal::ScratchBufferRequest*, tflite::ScratchBufferHandle*, tflite::SubgraphAllocations*)</a>
 <LI><a href="#[2d9]">tflite::AllocationInfoBuilder::GetOfflinePlannedOffsets(long const**)</a>
 <LI><a href="#[2da]">tflite::AllocationInfoBuilder::InitializeAllocationInfo(long const*, tflite::SubgraphAllocations*)</a>
 <LI><a href="#[315]">tflite::AllocationInfoBuilder::MarkSubgraphLifetimesIfNecessary(tflite::Operator const*, tflite::internal::ScratchBufferRequest*, tflite::ScratchBufferHandle*, tflite::SubgraphAllocations*)</a>
 <LI><a href="#[15d]">tflite::EvalQuantizeReference(TfLiteContext*, TfLiteNode*)</a>
 <LI><a href="#[302]">tflite::GetMicroErrorReporter()</a>
 <LI><a href="#[152]">tflite::MicroContextGetTensor(TfLiteContext const*, int)</a>
 <LI><a href="#[19b]">tflite::MicroInterpreterGraph::NumSubgraphs()</a>
 <LI><a href="#[1a0]">tflite::MicroInterpreterGraph::FreeSubgraphs()</a>
 <LI><a href="#[19d]">tflite::MicroInterpreterGraph::InitSubgraphs()</a>
 <LI><a href="#[196]">tflite::MicroInterpreterGraph::InvokeSubgraph(int)</a>
 <LI><a href="#[19f]">tflite::MicroInterpreterGraph::ResetSubgraphs()</a>
 <LI><a href="#[198]">tflite::MicroInterpreterGraph::GetSubgraphInput(int, int)</a>
 <LI><a href="#[19e]">tflite::MicroInterpreterGraph::PrepareSubgraphs()</a>
 <LI><a href="#[19a]">tflite::MicroInterpreterGraph::GetSubgraphOutput(int, int)</a>
 <LI><a href="#[197]">tflite::MicroInterpreterGraph::NumSubgraphInputs(int)</a>
 <LI><a href="#[199]">tflite::MicroInterpreterGraph::NumSubgraphOutputs(int)</a>
 <LI><a href="#[19c]">tflite::MicroInterpreterGraph::GetResourceVariables()</a>
 <LI><a href="#[1a1]">tflite::MicroInterpreterGraph::ResetVariableTensors()</a>
 <LI><a href="#[2ec]">tflite::MicroInterpreterGraph::SetSubgraphAllocations(tflite::SubgraphAllocations*)</a>
 <LI><a href="#[2fe]">tflite::MicroInterpreterGraph::MicroInterpreterGraph(TfLiteContext*, tflite::Model const*, tflite::MicroAllocator*, tflite::MicroResourceVariables*)</a>
 <LI><a href="#[3f2]">tflite::MicroInterpreterGraph::MicroInterpreterGraph__sub_object(TfLiteContext*, tflite::Model const*, tflite::MicroAllocator*, tflite::MicroResourceVariables*)</a>
 <LI><a href="#[195]">tflite::MicroInterpreterGraph::~MicroInterpreterGraph__deallocating()</a>
 <LI><a href="#[194]">tflite::MicroInterpreterGraph::~MicroInterpreterGraph()</a>
 <LI><a href="#[3f3]">tflite::MicroInterpreterGraph::~MicroInterpreterGraph__sub_object()</a>
 <LI><a href="#[31c]">tflite::BytesRequiredForTensor(tflite::Tensor const&, unsigned int*, unsigned int*)</a>
 <LI><a href="#[2cc]">tflite::CalculateSoftmaxParams(TfLiteContext*, TfLiteTensor const*, TfLiteTensor*, TfLiteSoftmaxParams const*, tflite::SoftmaxParams*)</a>
 <LI><a href="#[31b]">tflite::MicroResourceVariables::ResetAll()</a>
 <LI><a href="#[2f6]">tflite::EnumNameBuiltinOperator(tflite::BuiltinOperator)</a>
 <LI><a href="#[1af]">tflite::MicroInterpreterContext::GetEvalTensor(int)</a>
 <LI><a href="#[1aa]">tflite::MicroInterpreterContext::GetScratchBuffer(int)</a>
 <LI><a href="#[1b1]">tflite::MicroInterpreterContext::external_context()</a>
 <LI><a href="#[1ad]">tflite::MicroInterpreterContext::AllocateTempBuffer(unsigned int, unsigned int)</a>
 <LI><a href="#[2ee]">tflite::MicroInterpreterContext::SetInterpreterState(tflite::MicroInterpreterContext::InterpreterState)</a>
 <LI><a href="#[1ae]">tflite::MicroInterpreterContext::DeallocateTempBuffer(unsigned char*)</a>
 <LI><a href="#[1b0]">tflite::MicroInterpreterContext::set_external_context(void*)</a>
 <LI><a href="#[2ef]">tflite::MicroInterpreterContext::SetScratchBufferHandles(tflite::ScratchBufferHandle*)</a>
 <LI><a href="#[1a8]">tflite::MicroInterpreterContext::AllocatePersistentBuffer(unsigned int)</a>
 <LI><a href="#[1ab]">tflite::MicroInterpreterContext::AllocateTempTfLiteTensor(int)</a>
 <LI><a href="#[1ac]">tflite::MicroInterpreterContext::DeallocateTempTfLiteTensor(TfLiteTensor*)</a>
 <LI><a href="#[1a9]">tflite::MicroInterpreterContext::RequestScratchBufferInArena(unsigned int, int*)</a>
 <LI><a href="#[1b2]">tflite::MicroInterpreterContext::graph()</a>
 <LI><a href="#[2ff]">tflite::MicroInterpreterContext::MicroInterpreterContext(tflite::MicroAllocator*, tflite::Model const*, tflite::MicroInterpreterGraph*)</a>
 <LI><a href="#[3f4]">tflite::MicroInterpreterContext::MicroInterpreterContext__sub_object(tflite::MicroAllocator*, tflite::Model const*, tflite::MicroInterpreterGraph*)</a>
 <LI><a href="#[1a7]">tflite::MicroInterpreterContext::~MicroInterpreterContext__deallocating()</a>
 <LI><a href="#[1a6]">tflite::MicroInterpreterContext::~MicroInterpreterContext()</a>
 <LI><a href="#[3f5]">tflite::MicroInterpreterContext::~MicroInterpreterContext__sub_object()</a>
 <LI><a href="#[159]">tflite::PrepareReshapeReference(TfLiteContext*, TfLiteNode*)</a>
 <LI><a href="#[2f8]">tflite::CallBuiltinParseFunction(TfLiteStatus (*)(tflite::Operator const*, tflite::ErrorReporter*, tflite::BuiltinDataAllocator*, void**), tflite::Operator const*, tflite::BuiltinDataAllocator*, void**)</a>
 <LI><a href="#[15e]">tflite::PrepareQuantizeReference(TfLiteContext*, TfLiteNode*)</a>
 <LI><a href="#[31e]">tflite::PreprocessSoftmaxScaling(double, double, int, long*, int*)</a>
 <LI><a href="#[2f4]">tflite::GetRegistrationFromOpCode(tflite::OperatorCode const*, tflite::MicroOpResolver const&, TFLMRegistration const**)</a>
 <LI><a href="#[153]">tflite::MicroContextGetEvalTensor(TfLiteContext const*, int)</a>
 <LI><a href="#[151]">tflite::MicroContextReportOpError(TfLiteContext*, char const*, ...)</a>
 <LI><a href="#[1b5]">tflite::SingleArenaBufferAllocator::AllocateTemp(unsigned int, unsigned int)</a>
 <LI><a href="#[1ba]">tflite::SingleArenaBufferAllocator::ResizeBuffer(unsigned char*, unsigned int, unsigned int)</a>
 <LI><a href="#[1b6]">tflite::SingleArenaBufferAllocator::DeallocateTemp(unsigned char*)</a>
 <LI><a href="#[1b7]">tflite::SingleArenaBufferAllocator::IsAllTempDeallocated()</a>
 <LI><a href="#[1b8]">tflite::SingleArenaBufferAllocator::ResetTempAllocations()</a>
 <LI><a href="#[1b9]">tflite::SingleArenaBufferAllocator::AllocateResizableBuffer(unsigned int, unsigned int)</a>
 <LI><a href="#[1c0]">tflite::SingleArenaBufferAllocator::AllocatePersistentBuffer(unsigned int, unsigned int)</a>
 <LI><a href="#[1bb]">tflite::SingleArenaBufferAllocator::DeallocateResizableBuffer(unsigned char*)</a>
 <LI><a href="#[1bd]">tflite::SingleArenaBufferAllocator::ReserveNonPersistentOverlayMemory(unsigned int, unsigned int)</a>
 <LI><a href="#[2e6]">tflite::SingleArenaBufferAllocator::Create(unsigned char*, unsigned int)</a>
 <LI><a href="#[323]">tflite::SingleArenaBufferAllocator::SingleArenaBufferAllocator(unsigned char*, unsigned char*)</a>
 <LI><a href="#[3f6]">tflite::SingleArenaBufferAllocator::SingleArenaBufferAllocator__sub_object(unsigned char*, unsigned char*)</a>
 <LI><a href="#[322]">tflite::SingleArenaBufferAllocator::SingleArenaBufferAllocator(unsigned char*, unsigned int)</a>
 <LI><a href="#[3f7]">tflite::SingleArenaBufferAllocator::SingleArenaBufferAllocator__sub_object(unsigned char*, unsigned int)</a>
 <LI><a href="#[1b4]">tflite::SingleArenaBufferAllocator::~SingleArenaBufferAllocator__deallocating()</a>
 <LI><a href="#[1b3]">tflite::SingleArenaBufferAllocator::~SingleArenaBufferAllocator()</a>
 <LI><a href="#[3f8]">tflite::SingleArenaBufferAllocator::~SingleArenaBufferAllocator__sub_object()</a>
 <LI><a href="#[2d3]">tflite::TfLiteEvalTensorByteLength(TfLiteEvalTensor const*, unsigned int*)</a>
 <LI><a href="#[157]">tflite::MicroContextGetScratchBuffer(TfLiteContext*, int)</a>
 <LI><a href="#[318]">tflite::MultiplyByQuantizedMultiplier(long, long, int)</a>
 <LI><a href="#[155]">tflite::MicroContextGetExternalContext(TfLiteContext*, TfLiteExternalContextType)</a>
 <LI><a href="#[320]">tflite::QuantizeMultiplierGreaterThanOne(double, long*, int*)</a>
 <LI><a href="#[329]">tflite::FlatBufferVectorToTfLiteTypeArray(flatbuffers::Vector&lang;float&rang; const*)</a>
 <LI><a href="#[2f7]">tflite::FlatBufferVectorToTfLiteTypeArray(flatbuffers::Vector&lang;long&rang; const*)</a>
 <LI><a href="#[156]">tflite::MicroContextAllocatePersistentBuffer(TfLiteContext*, unsigned int)</a>
 <LI><a href="#[154]">tflite::MicroContextRequestScratchBufferInArena(TfLiteContext*, unsigned int, int*)</a>
 <LI><a href="#[2ea]">tflite::micro::RegisterOp(void* (*)(TfLiteContext*, char const*, unsigned int), TfLiteStatus (*)(TfLiteContext*, TfLiteNode*), TfLiteStatus (*)(TfLiteContext*, TfLiteNode*), void (*)(TfLiteContext*, void*), void (*)(TfLiteContext*, void*))</a>
 <LI><a href="#[2b6]">tflite::micro::GetEvalInput(TfLiteContext const*, TfLiteNode const*, int)</a>
 <LI><a href="#[2b7]">tflite::micro::GetEvalOutput(TfLiteContext const*, TfLiteNode const*, int)</a>
 <LI><a href="#[2ba]">tflite::micro::GetTensorShape(TfLiteEvalTensor const*)</a>
 <LI><a href="#[2c2]">tflite::micro::CreateWritableTensorDimsWithCopy(TfLiteContext*, TfLiteTensor*, TfLiteEvalTensor*)</a>
 <LI><a href="#[325]">tflite::internal::GetFlatbufferTensorBuffer(tflite::Tensor const&, flatbuffers::Vector&lang;flatbuffers::Offset&lang;tflite::Buffer&rang;&rang; const*)</a>
 <LI><a href="#[2e4]">tflite::internal::InitializeTfLiteTensorFromFlatbuffer(tflite::IPersistentBufferAllocator*, tflite::INonPersistentBufferAllocator*, bool, tflite::Tensor const&, flatbuffers::Vector&lang;flatbuffers::Offset&lang;tflite::Buffer&rang;&rang; const*, TfLiteTensor*)</a>
 <LI><a href="#[2e0]">tflite::internal::InitializeTfLiteEvalTensorFromFlatbuffer(tflite::Tensor const&, flatbuffers::Vector&lang;flatbuffers::Offset&lang;tflite::Buffer&rang;&rang; const*, TfLiteEvalTensor*)</a>
 <LI><a href="#[2b0]">flatbuffers::Table::GetOptionalFieldOffset(unsigned short) const</a>
 <LI><a href="#[2b5]">float flatbuffers::Table::GetField&lang;float&rang;(unsigned short, float) const</a>
 <LI><a href="#[336]">unsigned char flatbuffers::Table::GetField&lang;unsigned char&rang;(unsigned short, unsigned char) const</a>
 <LI><a href="#[317]">long flatbuffers::Table::GetField&lang;long&rang;(unsigned short, long) const</a>
 <LI><a href="#[332]">tflite::MicroAllocator::used_bytes() const</a>
 <LI><a href="#[188]">tflite::GreedyMemoryPlanner::preserves_all_tensors() const</a>
 <LI><a href="#[30d]">tflite::GreedyMemoryPlanner::DoesEntryOverlapInTime(tflite::GreedyMemoryPlanner::ListEntry const*, int, int) const</a>
 <LI><a href="#[192]">tflite::LinearMemoryPlanner::preserves_all_tensors() const</a>
 <LI><a href="#[328]">tflite::QuantizationParameters::zero_point() const</a>
 <LI><a href="#[327]">tflite::QuantizationParameters::scale() const</a>
 <LI><a href="#[1bf]">tflite::SingleArenaBufferAllocator::GetAvailableMemory(unsigned int) const</a>
 <LI><a href="#[1c1]">tflite::SingleArenaBufferAllocator::GetPersistentUsedBytes() const</a>
 <LI><a href="#[1bc]">tflite::SingleArenaBufferAllocator::GetOverlayMemoryAddress() const</a>
 <LI><a href="#[1be]">tflite::SingleArenaBufferAllocator::GetNonPersistentUsedBytes() const</a>
 <LI><a href="#[2d6]">tflite::Model::subgraphs() const</a>
 <LI><a href="#[2d2]">tflite::Tensor::is_variable() const</a>
 <LI><a href="#[326]">tflite::Tensor::type() const</a>
 <LI><a href="#[2b2]">tflite::Operator::builtin_options() const</a>
 <LI><a href="#[2b1]">tflite::Operator::builtin_options_type() const</a>
 <LI><a href="#[2d1]">tflite::SubGraph::tensors() const</a>
 <LI><a href="#[1c4]">non-virtual thunk to tflite::SingleArenaBufferAllocator::AllocatePersistentBuffer(unsigned int, unsigned int)</a>
 <LI><a href="#[1c3]">non-virtual thunk to tflite::SingleArenaBufferAllocator::~SingleArenaBufferAllocator__deallocating()</a>
 <LI><a href="#[1c2]">non-virtual thunk to tflite::SingleArenaBufferAllocator::~SingleArenaBufferAllocator()</a>
 <LI><a href="#[1c5]">non-virtual thunk to tflite::SingleArenaBufferAllocator::GetPersistentUsedBytes() const</a>
 <LI><a href="#[29e]">__wfe</a>
 <LI><a href="#[33b]">addTraceToBuffer</a>
 <LI><a href="#[33d]">arm_nn_softmax_common_s8</a>
 <LI><a href="#[2b9]">arm_softmax_s16</a>
 <LI><a href="#[2be]">arm_softmax_s8</a>
 <LI><a href="#[2bd]">arm_softmax_s8_s16</a>
 <LI><a href="#[340]">driverAlloc</a>
 <LI><a href="#[342]">driverFree</a>
 <LI><a href="#[33c]">getTime</a>
 <LI><a href="#[2c9]">neutronDeinit</a>
 <LI><a href="#[35c]">neutronFwInit</a>
 <LI><a href="#[355]">neutronFwInterpreter</a>
 <LI><a href="#[2ca]">neutronInit</a>
 <LI><a href="#[2cb]">neutronModelPrepare</a>
 <LI><a href="#[2c8]">neutronModelUnprepare</a>
 <LI><a href="#[2c5]">neutronRunBlocking</a>
 <LI><a href="#[2c4]">neutronSetTrace</a>
 <LI><a href="#[295]">neutron_done</a>
 <LI><a href="#[27f]">neutron_exec</a>
 <LI><a href="#[354]">privateNeutronDeinit</a>
 <LI><a href="#[357]">privateNeutronInit</a>
 <LI><a href="#[358]">privateNeutronModelPrepare</a>
 <LI><a href="#[359]">privateNeutronModelUnprepare</a>
 <LI><a href="#[35a]">privateNeutronRunBlocking</a>
 <LI><a href="#[35b]">privateNeutronSetTrace</a>
 <LI><a href="#[29d]">relocateData</a>
 <LI><a href="#[297]">traceEvent</a>
 <LI><a href="#[356]">validateArgsSz</a>
 <LI><a href="#[168]">tflite::(anonymous namespace)::MicroBuiltinDataAllocator::Allocate(unsigned int, unsigned int)</a>
 <LI><a href="#[169]">tflite::(anonymous namespace)::MicroBuiltinDataAllocator::Deallocate(void*)</a>
 <LI><a href="#[16b]">tflite::(anonymous namespace)::MicroBuiltinDataAllocator::~MicroBuiltinDataAllocator__deallocating()</a>
 <LI><a href="#[16a]">tflite::(anonymous namespace)::MicroBuiltinDataAllocator::~MicroBuiltinDataAllocator()</a>
 <LI><a href="#[2f0]">tflite::MicroInterpreter::inputs_size() const (.isra.0)</a>
 <LI><a href="#[2f1]">tflite::MicroInterpreter::outputs_size() const (.isra.0)</a>
 <LI><a href="#[2a2]">(anonymous namespace)::VDebugLog(char const*, ...) (.constprop.0)</a>
 <LI><a href="#[2b3]">TfLiteStatus tflite::(anonymous namespace)::FlatBufferIntVectorToArray&lang;long&rang;(int, flatbuffers::Vector&lang;long&rang; const*, long*, tflite::ErrorReporter*, char const*) (.constprop.0)</a>
 <LI><a href="#[2b4]">tflite::(anonymous namespace)::SafeBuiltinDataAllocator::BuiltinDataDeleter::operator()(void*) (.isra.0)</a>
 <LI><a href="#[15f]">tflite::(anonymous namespace)::Init(TfLiteContext*, char const*, unsigned int)</a>
 <LI><a href="#[158]">tflite::(anonymous namespace)::Eval(TfLiteContext*, TfLiteNode*)</a>
 <LI><a href="#[150]">tflite::(anonymous namespace)::Prepare(TfLiteContext*, TfLiteNode*)</a>
 <LI><a href="#[14f]">tflite::(anonymous namespace)::Eval(TfLiteContext*, TfLiteNode*)</a>
 <LI><a href="#[15c]">tflite::(anonymous namespace)::Init(TfLiteContext*, char const*, unsigned int)</a>
 <LI><a href="#[15a]">tflite::(anonymous namespace)::SoftmaxEval(TfLiteContext*, TfLiteNode*)</a>
 <LI><a href="#[15b]">tflite::(anonymous namespace)::Prepare(TfLiteContext*, TfLiteNode*)</a>
 <LI><a href="#[319]">tflite::(anonymous namespace)::OpNameFromRegistration(TFLMRegistration const*)</a>
 <LI><a href="#[339]">.LTHUNK3</a>
 <LI><a href="#[338]">.LTHUNK2</a>
 <LI><a href="#[2bf]">tflite::(anonymous namespace)::ReshapeOutput(TfLiteContext*, TfLiteNode*)</a>
 <LI><a href="#[31d]">tflite::CalculateSoftmaxParams(TfLiteContext*, TfLiteTensor const*, TfLiteTensor*, TfLiteSoftmaxParams const*, tflite::SoftmaxParams*) (.part.0)</a>
 <LI><a href="#[2c3]">tflite::(anonymous namespace)::InitializeLutForInt16(TfLiteContext*, TfLiteTensor const*, TfLiteTensor*, tflite::SoftmaxParams*)</a>
</UL>
</UL>
<P>
<H3>
Mutually Recursive functions
</H3> <LI><a href="#[315]">tflite::AllocationInfoBuilder::MarkSubgraphLifetimesIfNecessary(tflite::Operator const*, tflite::internal::ScratchBufferRequest*, tflite::ScratchBufferHandle*, tflite::SubgraphAllocations*)</a>&nbsp;&nbsp;&nbsp;&rArr;&nbsp;&nbsp;&nbsp;<a href="#[2dc]">tflite::AllocationInfoBuilder::MarkAllocationLifetimes(int, tflite::internal::ScratchBufferRequest*, tflite::ScratchBufferHandle*, tflite::SubgraphAllocations*)</a><BR>
 <LI><a href="#[28c]">LPUART_Deinit</a>&nbsp;&nbsp;&nbsp;&rArr;&nbsp;&nbsp;&nbsp;<a href="#[28c]">LPUART_Deinit</a><BR>
</UL>
<P>
<H3>
Function Pointers
</H3><UL>
 <LI><a href="#[d7]">ADC0_DriverIRQHandler</a> from startup_mcxn947_cm33_core0.o(.text) referenced from startup_mcxn947_cm33_core0.o(.text)
 <LI><a href="#[39]">ADC0_IRQHandler</a> from startup_mcxn947_cm33_core0.o(.text) referenced from startup_mcxn947_cm33_core0.o(.isr_vector)
 <LI><a href="#[d8]">ADC1_DriverIRQHandler</a> from startup_mcxn947_cm33_core0.o(.text) referenced from startup_mcxn947_cm33_core0.o(.text)
 <LI><a href="#[3a]">ADC1_IRQHandler</a> from startup_mcxn947_cm33_core0.o(.text) referenced from startup_mcxn947_cm33_core0.o(.isr_vector)
 <LI><a href="#[12f]">BSP32_DriverIRQHandler</a> from startup_mcxn947_cm33_core0.o(.text) referenced from startup_mcxn947_cm33_core0.o(.text)
 <LI><a href="#[91]">BSP32_IRQHandler</a> from startup_mcxn947_cm33_core0.o(.text) referenced from startup_mcxn947_cm33_core0.o(.isr_vector)
 <LI><a href="#[5]">BusFault_Handler</a> from startup_mcxn947_cm33_core0.o(.text) referenced from startup_mcxn947_cm33_core0.o(.isr_vector)
 <LI><a href="#[e8]">CAN0_DriverIRQHandler</a> from startup_mcxn947_cm33_core0.o(.text) referenced from startup_mcxn947_cm33_core0.o(.text)
 <LI><a href="#[4a]">CAN0_IRQHandler</a> from startup_mcxn947_cm33_core0.o(.text) referenced from startup_mcxn947_cm33_core0.o(.isr_vector)
 <LI><a href="#[e9]">CAN1_DriverIRQHandler</a> from startup_mcxn947_cm33_core0.o(.text) referenced from startup_mcxn947_cm33_core0.o(.text)
 <LI><a href="#[4b]">CAN1_IRQHandler</a> from startup_mcxn947_cm33_core0.o(.text) referenced from startup_mcxn947_cm33_core0.o(.isr_vector)
 <LI><a href="#[107]">CDOG0_DriverIRQHandler</a> from startup_mcxn947_cm33_core0.o(.text) referenced from startup_mcxn947_cm33_core0.o(.text)
 <LI><a href="#[69]">CDOG0_IRQHandler</a> from startup_mcxn947_cm33_core0.o(.text) referenced from startup_mcxn947_cm33_core0.o(.isr_vector)
 <LI><a href="#[108]">CDOG1_DriverIRQHandler</a> from startup_mcxn947_cm33_core0.o(.text) referenced from startup_mcxn947_cm33_core0.o(.text)
 <LI><a href="#[6a]">CDOG1_IRQHandler</a> from startup_mcxn947_cm33_core0.o(.text) referenced from startup_mcxn947_cm33_core0.o(.isr_vector)
 <LI><a href="#[144]">CMC0_DriverIRQHandler</a> from startup_mcxn947_cm33_core0.o(.text) referenced from startup_mcxn947_cm33_core0.o(.text)
 <LI><a href="#[a6]">CMC0_IRQHandler</a> from startup_mcxn947_cm33_core0.o(.text) referenced from startup_mcxn947_cm33_core0.o(.isr_vector)
 <LI><a href="#[145]">CTI0_DriverIRQHandler</a> from startup_mcxn947_cm33_core0.o(.text) referenced from startup_mcxn947_cm33_core0.o(.text)
 <LI><a href="#[a7]">CTI0_IRQHandler</a> from startup_mcxn947_cm33_core0.o(.text) referenced from startup_mcxn947_cm33_core0.o(.isr_vector)
 <LI><a href="#[c9]">CTIMER0_DriverIRQHandler</a> from fsl_ctimer.o(.text.CTIMER0_DriverIRQHandler) referenced from startup_mcxn947_cm33_core0.o(.text)
 <LI><a href="#[2b]">CTIMER0_IRQHandler</a> from startup_mcxn947_cm33_core0.o(.text) referenced from startup_mcxn947_cm33_core0.o(.isr_vector)
 <LI><a href="#[ca]">CTIMER1_DriverIRQHandler</a> from fsl_ctimer.o(.text.CTIMER1_DriverIRQHandler) referenced from startup_mcxn947_cm33_core0.o(.text)
 <LI><a href="#[2c]">CTIMER1_IRQHandler</a> from startup_mcxn947_cm33_core0.o(.text) referenced from startup_mcxn947_cm33_core0.o(.isr_vector)
 <LI><a href="#[cc]">CTIMER2_DriverIRQHandler</a> from fsl_ctimer.o(.text.CTIMER2_DriverIRQHandler) referenced from startup_mcxn947_cm33_core0.o(.text)
 <LI><a href="#[2e]">CTIMER2_IRQHandler</a> from startup_mcxn947_cm33_core0.o(.text) referenced from startup_mcxn947_cm33_core0.o(.isr_vector)
 <LI><a href="#[e1]">CTIMER3_DriverIRQHandler</a> from fsl_ctimer.o(.text.CTIMER3_DriverIRQHandler) referenced from startup_mcxn947_cm33_core0.o(.text)
 <LI><a href="#[43]">CTIMER3_IRQHandler</a> from startup_mcxn947_cm33_core0.o(.text) referenced from startup_mcxn947_cm33_core0.o(.isr_vector)
 <LI><a href="#[e2]">CTIMER4_DriverIRQHandler</a> from fsl_ctimer.o(.text.CTIMER4_DriverIRQHandler) referenced from startup_mcxn947_cm33_core0.o(.text)
 <LI><a href="#[44]">CTIMER4_IRQHandler</a> from startup_mcxn947_cm33_core0.o(.text) referenced from startup_mcxn947_cm33_core0.o(.isr_vector)
 <LI><a href="#[114]">DAC0_DriverIRQHandler</a> from startup_mcxn947_cm33_core0.o(.text) referenced from startup_mcxn947_cm33_core0.o(.text)
 <LI><a href="#[76]">DAC0_IRQHandler</a> from startup_mcxn947_cm33_core0.o(.text) referenced from startup_mcxn947_cm33_core0.o(.isr_vector)
 <LI><a href="#[115]">DAC1_DriverIRQHandler</a> from startup_mcxn947_cm33_core0.o(.text) referenced from startup_mcxn947_cm33_core0.o(.text)
 <LI><a href="#[77]">DAC1_IRQHandler</a> from startup_mcxn947_cm33_core0.o(.text) referenced from startup_mcxn947_cm33_core0.o(.isr_vector)
 <LI><a href="#[116]">DAC2_DriverIRQHandler</a> from startup_mcxn947_cm33_core0.o(.text) referenced from startup_mcxn947_cm33_core0.o(.text)
 <LI><a href="#[78]">DAC2_IRQHandler</a> from startup_mcxn947_cm33_core0.o(.text) referenced from startup_mcxn947_cm33_core0.o(.isr_vector)
 <LI><a href="#[9]">DebugMon_Handler</a> from startup_mcxn947_cm33_core0.o(.text) referenced from startup_mcxn947_cm33_core0.o(.isr_vector)
 <LI><a href="#[0]">DefaultISR</a> from startup_mcxn947_cm33_core0.o(.text) referenced 2 times from fsl_usdhc.o(.data.s_usdhcIsr)
 <LI><a href="#[ab]">EDMA_0_CH0_DriverIRQHandler</a> from fsl_edma_soc.o(.text.EDMA_0_CH0_DriverIRQHandler) referenced from startup_mcxn947_cm33_core0.o(.text)
 <LI><a href="#[d]">EDMA_0_CH0_IRQHandler</a> from startup_mcxn947_cm33_core0.o(.text) referenced from startup_mcxn947_cm33_core0.o(.isr_vector)
 <LI><a href="#[b5]">EDMA_0_CH10_DriverIRQHandler</a> from fsl_edma_soc.o(.text.EDMA_0_CH10_DriverIRQHandler) referenced from startup_mcxn947_cm33_core0.o(.text)
 <LI><a href="#[17]">EDMA_0_CH10_IRQHandler</a> from startup_mcxn947_cm33_core0.o(.text) referenced from startup_mcxn947_cm33_core0.o(.isr_vector)
 <LI><a href="#[b6]">EDMA_0_CH11_DriverIRQHandler</a> from fsl_edma_soc.o(.text.EDMA_0_CH11_DriverIRQHandler) referenced from startup_mcxn947_cm33_core0.o(.text)
 <LI><a href="#[18]">EDMA_0_CH11_IRQHandler</a> from startup_mcxn947_cm33_core0.o(.text) referenced from startup_mcxn947_cm33_core0.o(.isr_vector)
 <LI><a href="#[b7]">EDMA_0_CH12_DriverIRQHandler</a> from fsl_edma_soc.o(.text.EDMA_0_CH12_DriverIRQHandler) referenced from startup_mcxn947_cm33_core0.o(.text)
 <LI><a href="#[19]">EDMA_0_CH12_IRQHandler</a> from startup_mcxn947_cm33_core0.o(.text) referenced from startup_mcxn947_cm33_core0.o(.isr_vector)
 <LI><a href="#[b8]">EDMA_0_CH13_DriverIRQHandler</a> from fsl_edma_soc.o(.text.EDMA_0_CH13_DriverIRQHandler) referenced from startup_mcxn947_cm33_core0.o(.text)
 <LI><a href="#[1a]">EDMA_0_CH13_IRQHandler</a> from startup_mcxn947_cm33_core0.o(.text) referenced from startup_mcxn947_cm33_core0.o(.isr_vector)
 <LI><a href="#[b9]">EDMA_0_CH14_DriverIRQHandler</a> from fsl_edma_soc.o(.text.EDMA_0_CH14_DriverIRQHandler) referenced from startup_mcxn947_cm33_core0.o(.text)
 <LI><a href="#[1b]">EDMA_0_CH14_IRQHandler</a> from startup_mcxn947_cm33_core0.o(.text) referenced from startup_mcxn947_cm33_core0.o(.isr_vector)
 <LI><a href="#[ba]">EDMA_0_CH15_DriverIRQHandler</a> from fsl_edma_soc.o(.text.EDMA_0_CH15_DriverIRQHandler) referenced from startup_mcxn947_cm33_core0.o(.text)
 <LI><a href="#[1c]">EDMA_0_CH15_IRQHandler</a> from startup_mcxn947_cm33_core0.o(.text) referenced from startup_mcxn947_cm33_core0.o(.isr_vector)
 <LI><a href="#[ac]">EDMA_0_CH1_DriverIRQHandler</a> from fsl_edma_soc.o(.text.EDMA_0_CH1_DriverIRQHandler) referenced from startup_mcxn947_cm33_core0.o(.text)
 <LI><a href="#[e]">EDMA_0_CH1_IRQHandler</a> from startup_mcxn947_cm33_core0.o(.text) referenced from startup_mcxn947_cm33_core0.o(.isr_vector)
 <LI><a href="#[ad]">EDMA_0_CH2_DriverIRQHandler</a> from fsl_edma_soc.o(.text.EDMA_0_CH2_DriverIRQHandler) referenced from startup_mcxn947_cm33_core0.o(.text)
 <LI><a href="#[f]">EDMA_0_CH2_IRQHandler</a> from startup_mcxn947_cm33_core0.o(.text) referenced from startup_mcxn947_cm33_core0.o(.isr_vector)
 <LI><a href="#[ae]">EDMA_0_CH3_DriverIRQHandler</a> from fsl_edma_soc.o(.text.EDMA_0_CH3_DriverIRQHandler) referenced from startup_mcxn947_cm33_core0.o(.text)
 <LI><a href="#[10]">EDMA_0_CH3_IRQHandler</a> from startup_mcxn947_cm33_core0.o(.text) referenced from startup_mcxn947_cm33_core0.o(.isr_vector)
 <LI><a href="#[af]">EDMA_0_CH4_DriverIRQHandler</a> from fsl_edma_soc.o(.text.EDMA_0_CH4_DriverIRQHandler) referenced from startup_mcxn947_cm33_core0.o(.text)
 <LI><a href="#[11]">EDMA_0_CH4_IRQHandler</a> from startup_mcxn947_cm33_core0.o(.text) referenced from startup_mcxn947_cm33_core0.o(.isr_vector)
 <LI><a href="#[b0]">EDMA_0_CH5_DriverIRQHandler</a> from fsl_edma_soc.o(.text.EDMA_0_CH5_DriverIRQHandler) referenced from startup_mcxn947_cm33_core0.o(.text)
 <LI><a href="#[12]">EDMA_0_CH5_IRQHandler</a> from startup_mcxn947_cm33_core0.o(.text) referenced from startup_mcxn947_cm33_core0.o(.isr_vector)
 <LI><a href="#[b1]">EDMA_0_CH6_DriverIRQHandler</a> from fsl_edma_soc.o(.text.EDMA_0_CH6_DriverIRQHandler) referenced from startup_mcxn947_cm33_core0.o(.text)
 <LI><a href="#[13]">EDMA_0_CH6_IRQHandler</a> from startup_mcxn947_cm33_core0.o(.text) referenced from startup_mcxn947_cm33_core0.o(.isr_vector)
 <LI><a href="#[b2]">EDMA_0_CH7_DriverIRQHandler</a> from fsl_edma_soc.o(.text.EDMA_0_CH7_DriverIRQHandler) referenced from startup_mcxn947_cm33_core0.o(.text)
 <LI><a href="#[14]">EDMA_0_CH7_IRQHandler</a> from startup_mcxn947_cm33_core0.o(.text) referenced from startup_mcxn947_cm33_core0.o(.isr_vector)
 <LI><a href="#[b3]">EDMA_0_CH8_DriverIRQHandler</a> from fsl_edma_soc.o(.text.EDMA_0_CH8_DriverIRQHandler) referenced from startup_mcxn947_cm33_core0.o(.text)
 <LI><a href="#[15]">EDMA_0_CH8_IRQHandler</a> from startup_mcxn947_cm33_core0.o(.text) referenced from startup_mcxn947_cm33_core0.o(.isr_vector)
 <LI><a href="#[b4]">EDMA_0_CH9_DriverIRQHandler</a> from fsl_edma_soc.o(.text.EDMA_0_CH9_DriverIRQHandler) referenced from startup_mcxn947_cm33_core0.o(.text)
 <LI><a href="#[16]">EDMA_0_CH9_IRQHandler</a> from startup_mcxn947_cm33_core0.o(.text) referenced from startup_mcxn947_cm33_core0.o(.isr_vector)
 <LI><a href="#[f7]">EDMA_1_CH0_DriverIRQHandler</a> from fsl_edma_soc.o(.text.EDMA_1_CH0_DriverIRQHandler) referenced from startup_mcxn947_cm33_core0.o(.text)
 <LI><a href="#[59]">EDMA_1_CH0_IRQHandler</a> from startup_mcxn947_cm33_core0.o(.text) referenced from startup_mcxn947_cm33_core0.o(.isr_vector)
 <LI><a href="#[101]">EDMA_1_CH10_DriverIRQHandler</a> from fsl_edma_soc.o(.text.EDMA_1_CH10_DriverIRQHandler) referenced from startup_mcxn947_cm33_core0.o(.text)
 <LI><a href="#[63]">EDMA_1_CH10_IRQHandler</a> from startup_mcxn947_cm33_core0.o(.text) referenced from startup_mcxn947_cm33_core0.o(.isr_vector)
 <LI><a href="#[102]">EDMA_1_CH11_DriverIRQHandler</a> from fsl_edma_soc.o(.text.EDMA_1_CH11_DriverIRQHandler) referenced from startup_mcxn947_cm33_core0.o(.text)
 <LI><a href="#[64]">EDMA_1_CH11_IRQHandler</a> from startup_mcxn947_cm33_core0.o(.text) referenced from startup_mcxn947_cm33_core0.o(.isr_vector)
 <LI><a href="#[103]">EDMA_1_CH12_DriverIRQHandler</a> from fsl_edma_soc.o(.text.EDMA_1_CH12_DriverIRQHandler) referenced from startup_mcxn947_cm33_core0.o(.text)
 <LI><a href="#[65]">EDMA_1_CH12_IRQHandler</a> from startup_mcxn947_cm33_core0.o(.text) referenced from startup_mcxn947_cm33_core0.o(.isr_vector)
 <LI><a href="#[104]">EDMA_1_CH13_DriverIRQHandler</a> from fsl_edma_soc.o(.text.EDMA_1_CH13_DriverIRQHandler) referenced from startup_mcxn947_cm33_core0.o(.text)
 <LI><a href="#[66]">EDMA_1_CH13_IRQHandler</a> from startup_mcxn947_cm33_core0.o(.text) referenced from startup_mcxn947_cm33_core0.o(.isr_vector)
 <LI><a href="#[105]">EDMA_1_CH14_DriverIRQHandler</a> from fsl_edma_soc.o(.text.EDMA_1_CH14_DriverIRQHandler) referenced from startup_mcxn947_cm33_core0.o(.text)
 <LI><a href="#[67]">EDMA_1_CH14_IRQHandler</a> from startup_mcxn947_cm33_core0.o(.text) referenced from startup_mcxn947_cm33_core0.o(.isr_vector)
 <LI><a href="#[106]">EDMA_1_CH15_DriverIRQHandler</a> from fsl_edma_soc.o(.text.EDMA_1_CH15_DriverIRQHandler) referenced from startup_mcxn947_cm33_core0.o(.text)
 <LI><a href="#[68]">EDMA_1_CH15_IRQHandler</a> from startup_mcxn947_cm33_core0.o(.text) referenced from startup_mcxn947_cm33_core0.o(.isr_vector)
 <LI><a href="#[f8]">EDMA_1_CH1_DriverIRQHandler</a> from fsl_edma_soc.o(.text.EDMA_1_CH1_DriverIRQHandler) referenced from startup_mcxn947_cm33_core0.o(.text)
 <LI><a href="#[5a]">EDMA_1_CH1_IRQHandler</a> from startup_mcxn947_cm33_core0.o(.text) referenced from startup_mcxn947_cm33_core0.o(.isr_vector)
 <LI><a href="#[f9]">EDMA_1_CH2_DriverIRQHandler</a> from fsl_edma_soc.o(.text.EDMA_1_CH2_DriverIRQHandler) referenced from startup_mcxn947_cm33_core0.o(.text)
 <LI><a href="#[5b]">EDMA_1_CH2_IRQHandler</a> from startup_mcxn947_cm33_core0.o(.text) referenced from startup_mcxn947_cm33_core0.o(.isr_vector)
 <LI><a href="#[fa]">EDMA_1_CH3_DriverIRQHandler</a> from fsl_edma_soc.o(.text.EDMA_1_CH3_DriverIRQHandler) referenced from startup_mcxn947_cm33_core0.o(.text)
 <LI><a href="#[5c]">EDMA_1_CH3_IRQHandler</a> from startup_mcxn947_cm33_core0.o(.text) referenced from startup_mcxn947_cm33_core0.o(.isr_vector)
 <LI><a href="#[fb]">EDMA_1_CH4_DriverIRQHandler</a> from fsl_edma_soc.o(.text.EDMA_1_CH4_DriverIRQHandler) referenced from startup_mcxn947_cm33_core0.o(.text)
 <LI><a href="#[5d]">EDMA_1_CH4_IRQHandler</a> from startup_mcxn947_cm33_core0.o(.text) referenced from startup_mcxn947_cm33_core0.o(.isr_vector)
 <LI><a href="#[fc]">EDMA_1_CH5_DriverIRQHandler</a> from fsl_edma_soc.o(.text.EDMA_1_CH5_DriverIRQHandler) referenced from startup_mcxn947_cm33_core0.o(.text)
 <LI><a href="#[5e]">EDMA_1_CH5_IRQHandler</a> from startup_mcxn947_cm33_core0.o(.text) referenced from startup_mcxn947_cm33_core0.o(.isr_vector)
 <LI><a href="#[fd]">EDMA_1_CH6_DriverIRQHandler</a> from fsl_edma_soc.o(.text.EDMA_1_CH6_DriverIRQHandler) referenced from startup_mcxn947_cm33_core0.o(.text)
 <LI><a href="#[5f]">EDMA_1_CH6_IRQHandler</a> from startup_mcxn947_cm33_core0.o(.text) referenced from startup_mcxn947_cm33_core0.o(.isr_vector)
 <LI><a href="#[fe]">EDMA_1_CH7_DriverIRQHandler</a> from fsl_edma_soc.o(.text.EDMA_1_CH7_DriverIRQHandler) referenced from startup_mcxn947_cm33_core0.o(.text)
 <LI><a href="#[60]">EDMA_1_CH7_IRQHandler</a> from startup_mcxn947_cm33_core0.o(.text) referenced from startup_mcxn947_cm33_core0.o(.isr_vector)
 <LI><a href="#[ff]">EDMA_1_CH8_DriverIRQHandler</a> from fsl_edma_soc.o(.text.EDMA_1_CH8_DriverIRQHandler) referenced from startup_mcxn947_cm33_core0.o(.text)
 <LI><a href="#[61]">EDMA_1_CH8_IRQHandler</a> from startup_mcxn947_cm33_core0.o(.text) referenced from startup_mcxn947_cm33_core0.o(.isr_vector)
 <LI><a href="#[100]">EDMA_1_CH9_DriverIRQHandler</a> from fsl_edma_soc.o(.text.EDMA_1_CH9_DriverIRQHandler) referenced from startup_mcxn947_cm33_core0.o(.text)
 <LI><a href="#[62]">EDMA_1_CH9_IRQHandler</a> from startup_mcxn947_cm33_core0.o(.text) referenced from startup_mcxn947_cm33_core0.o(.isr_vector)
 <LI><a href="#[f3]">ELS_DriverIRQHandler</a> from startup_mcxn947_cm33_core0.o(.text) referenced from startup_mcxn947_cm33_core0.o(.text)
 <LI><a href="#[130]">ELS_ERR_DriverIRQHandler</a> from startup_mcxn947_cm33_core0.o(.text) referenced from startup_mcxn947_cm33_core0.o(.text)
 <LI><a href="#[92]">ELS_ERR_IRQHandler</a> from startup_mcxn947_cm33_core0.o(.text) referenced from startup_mcxn947_cm33_core0.o(.isr_vector)
 <LI><a href="#[55]">ELS_IRQHandler</a> from startup_mcxn947_cm33_core0.o(.text) referenced from startup_mcxn947_cm33_core0.o(.isr_vector)
 <LI><a href="#[111]">EMVSIM0_DriverIRQHandler</a> from startup_mcxn947_cm33_core0.o(.text) referenced from startup_mcxn947_cm33_core0.o(.text)
 <LI><a href="#[73]">EMVSIM0_IRQHandler</a> from startup_mcxn947_cm33_core0.o(.text) referenced from startup_mcxn947_cm33_core0.o(.isr_vector)
 <LI><a href="#[112]">EMVSIM1_DriverIRQHandler</a> from startup_mcxn947_cm33_core0.o(.text) referenced from startup_mcxn947_cm33_core0.o(.text)
 <LI><a href="#[74]">EMVSIM1_IRQHandler</a> from startup_mcxn947_cm33_core0.o(.text) referenced from startup_mcxn947_cm33_core0.o(.isr_vector)
 <LI><a href="#[126]">ENC0_COMPARE_DriverIRQHandler</a> from startup_mcxn947_cm33_core0.o(.text) referenced from startup_mcxn947_cm33_core0.o(.text)
 <LI><a href="#[88]">ENC0_COMPARE_IRQHandler</a> from startup_mcxn947_cm33_core0.o(.text) referenced from startup_mcxn947_cm33_core0.o(.isr_vector)
 <LI><a href="#[127]">ENC0_HOME_DriverIRQHandler</a> from startup_mcxn947_cm33_core0.o(.text) referenced from startup_mcxn947_cm33_core0.o(.text)
 <LI><a href="#[89]">ENC0_HOME_IRQHandler</a> from startup_mcxn947_cm33_core0.o(.text) referenced from startup_mcxn947_cm33_core0.o(.isr_vector)
 <LI><a href="#[129]">ENC0_IDX_DriverIRQHandler</a> from startup_mcxn947_cm33_core0.o(.text) referenced from startup_mcxn947_cm33_core0.o(.text)
 <LI><a href="#[8b]">ENC0_IDX_IRQHandler</a> from startup_mcxn947_cm33_core0.o(.text) referenced from startup_mcxn947_cm33_core0.o(.isr_vector)
 <LI><a href="#[128]">ENC0_WDG_SAB_DriverIRQHandler</a> from startup_mcxn947_cm33_core0.o(.text) referenced from startup_mcxn947_cm33_core0.o(.text)
 <LI><a href="#[8a]">ENC0_WDG_SAB_IRQHandler</a> from startup_mcxn947_cm33_core0.o(.text) referenced from startup_mcxn947_cm33_core0.o(.isr_vector)
 <LI><a href="#[12a]">ENC1_COMPARE_DriverIRQHandler</a> from startup_mcxn947_cm33_core0.o(.text) referenced from startup_mcxn947_cm33_core0.o(.text)
 <LI><a href="#[8c]">ENC1_COMPARE_IRQHandler</a> from startup_mcxn947_cm33_core0.o(.text) referenced from startup_mcxn947_cm33_core0.o(.isr_vector)
 <LI><a href="#[12b]">ENC1_HOME_DriverIRQHandler</a> from startup_mcxn947_cm33_core0.o(.text) referenced from startup_mcxn947_cm33_core0.o(.text)
 <LI><a href="#[8d]">ENC1_HOME_IRQHandler</a> from startup_mcxn947_cm33_core0.o(.text) referenced from startup_mcxn947_cm33_core0.o(.isr_vector)
 <LI><a href="#[12d]">ENC1_IDX_DriverIRQHandler</a> from startup_mcxn947_cm33_core0.o(.text) referenced from startup_mcxn947_cm33_core0.o(.text)
 <LI><a href="#[8f]">ENC1_IDX_IRQHandler</a> from startup_mcxn947_cm33_core0.o(.text) referenced from startup_mcxn947_cm33_core0.o(.isr_vector)
 <LI><a href="#[12c]">ENC1_WDG_SAB_DriverIRQHandler</a> from startup_mcxn947_cm33_core0.o(.text) referenced from startup_mcxn947_cm33_core0.o(.text)
 <LI><a href="#[8e]">ENC1_WDG_SAB_IRQHandler</a> from startup_mcxn947_cm33_core0.o(.text) referenced from startup_mcxn947_cm33_core0.o(.isr_vector)
 <LI><a href="#[133]">ERM_MULTI_BIT_ERROR_DriverIRQHandler</a> from startup_mcxn947_cm33_core0.o(.text) referenced from startup_mcxn947_cm33_core0.o(.text)
 <LI><a href="#[95]">ERM_MULTI_BIT_ERROR_IRQHandler</a> from startup_mcxn947_cm33_core0.o(.text) referenced from startup_mcxn947_cm33_core0.o(.isr_vector)
 <LI><a href="#[132]">ERM_SINGLE_BIT_ERROR_DriverIRQHandler</a> from startup_mcxn947_cm33_core0.o(.text) referenced from startup_mcxn947_cm33_core0.o(.text)
 <LI><a href="#[94]">ERM_SINGLE_BIT_ERROR_IRQHandler</a> from startup_mcxn947_cm33_core0.o(.text) referenced from startup_mcxn947_cm33_core0.o(.isr_vector)
 <LI><a href="#[13f]">ETB0_DriverIRQHandler</a> from startup_mcxn947_cm33_core0.o(.text) referenced from startup_mcxn947_cm33_core0.o(.text)
 <LI><a href="#[a1]">ETB0_IRQHandler</a> from startup_mcxn947_cm33_core0.o(.text) referenced from startup_mcxn947_cm33_core0.o(.isr_vector)
 <LI><a href="#[135]">ETHERNET_DriverIRQHandler</a> from startup_mcxn947_cm33_core0.o(.text) referenced from startup_mcxn947_cm33_core0.o(.text)
 <LI><a href="#[97]">ETHERNET_IRQHandler</a> from startup_mcxn947_cm33_core0.o(.text) referenced from startup_mcxn947_cm33_core0.o(.isr_vector)
 <LI><a href="#[137]">ETHERNET_MACLP_DriverIRQHandler</a> from startup_mcxn947_cm33_core0.o(.text) referenced from startup_mcxn947_cm33_core0.o(.text)
 <LI><a href="#[99]">ETHERNET_MACLP_IRQHandler</a> from startup_mcxn947_cm33_core0.o(.text) referenced from startup_mcxn947_cm33_core0.o(.isr_vector)
 <LI><a href="#[136]">ETHERNET_PMT_DriverIRQHandler</a> from startup_mcxn947_cm33_core0.o(.text) referenced from startup_mcxn947_cm33_core0.o(.text)
 <LI><a href="#[98]">ETHERNET_PMT_IRQHandler</a> from startup_mcxn947_cm33_core0.o(.text) referenced from startup_mcxn947_cm33_core0.o(.isr_vector)
 <LI><a href="#[10e]">EWM0_DriverIRQHandler</a> from startup_mcxn947_cm33_core0.o(.text) referenced from startup_mcxn947_cm33_core0.o(.text)
 <LI><a href="#[70]">EWM0_IRQHandler</a> from startup_mcxn947_cm33_core0.o(.text) referenced from startup_mcxn947_cm33_core0.o(.isr_vector)
 <LI><a href="#[113]">FLEXIO_DriverIRQHandler</a> from fsl_flexio.o(.text.FLEXIO_DriverIRQHandler) referenced from startup_mcxn947_cm33_core0.o(.text)
 <LI><a href="#[75]">FLEXIO_IRQHandler</a> from startup_mcxn947_cm33_core0.o(.text) referenced from startup_mcxn947_cm33_core0.o(.isr_vector)
 <LI><a href="#[11b]">FLEXPWM0_FAULT_DriverIRQHandler</a> from startup_mcxn947_cm33_core0.o(.text) referenced from startup_mcxn947_cm33_core0.o(.text)
 <LI><a href="#[7d]">FLEXPWM0_FAULT_IRQHandler</a> from startup_mcxn947_cm33_core0.o(.text) referenced from startup_mcxn947_cm33_core0.o(.isr_vector)
 <LI><a href="#[11a]">FLEXPWM0_RELOAD_ERROR_DriverIRQHandler</a> from startup_mcxn947_cm33_core0.o(.text) referenced from startup_mcxn947_cm33_core0.o(.text)
 <LI><a href="#[7c]">FLEXPWM0_RELOAD_ERROR_IRQHandler</a> from startup_mcxn947_cm33_core0.o(.text) referenced from startup_mcxn947_cm33_core0.o(.isr_vector)
 <LI><a href="#[11c]">FLEXPWM0_SUBMODULE0_DriverIRQHandler</a> from startup_mcxn947_cm33_core0.o(.text) referenced from startup_mcxn947_cm33_core0.o(.text)
 <LI><a href="#[7e]">FLEXPWM0_SUBMODULE0_IRQHandler</a> from startup_mcxn947_cm33_core0.o(.text) referenced from startup_mcxn947_cm33_core0.o(.isr_vector)
 <LI><a href="#[11d]">FLEXPWM0_SUBMODULE1_DriverIRQHandler</a> from startup_mcxn947_cm33_core0.o(.text) referenced from startup_mcxn947_cm33_core0.o(.text)
 <LI><a href="#[7f]">FLEXPWM0_SUBMODULE1_IRQHandler</a> from startup_mcxn947_cm33_core0.o(.text) referenced from startup_mcxn947_cm33_core0.o(.isr_vector)
 <LI><a href="#[11e]">FLEXPWM0_SUBMODULE2_DriverIRQHandler</a> from startup_mcxn947_cm33_core0.o(.text) referenced from startup_mcxn947_cm33_core0.o(.text)
 <LI><a href="#[80]">FLEXPWM0_SUBMODULE2_IRQHandler</a> from startup_mcxn947_cm33_core0.o(.text) referenced from startup_mcxn947_cm33_core0.o(.isr_vector)
 <LI><a href="#[11f]">FLEXPWM0_SUBMODULE3_DriverIRQHandler</a> from startup_mcxn947_cm33_core0.o(.text) referenced from startup_mcxn947_cm33_core0.o(.text)
 <LI><a href="#[81]">FLEXPWM0_SUBMODULE3_IRQHandler</a> from startup_mcxn947_cm33_core0.o(.text) referenced from startup_mcxn947_cm33_core0.o(.isr_vector)
 <LI><a href="#[121]">FLEXPWM1_FAULT_DriverIRQHandler</a> from startup_mcxn947_cm33_core0.o(.text) referenced from startup_mcxn947_cm33_core0.o(.text)
 <LI><a href="#[83]">FLEXPWM1_FAULT_IRQHandler</a> from startup_mcxn947_cm33_core0.o(.text) referenced from startup_mcxn947_cm33_core0.o(.isr_vector)
 <LI><a href="#[120]">FLEXPWM1_RELOAD_ERROR_DriverIRQHandler</a> from startup_mcxn947_cm33_core0.o(.text) referenced from startup_mcxn947_cm33_core0.o(.text)
 <LI><a href="#[82]">FLEXPWM1_RELOAD_ERROR_IRQHandler</a> from startup_mcxn947_cm33_core0.o(.text) referenced from startup_mcxn947_cm33_core0.o(.isr_vector)
 <LI><a href="#[122]">FLEXPWM1_SUBMODULE0_DriverIRQHandler</a> from startup_mcxn947_cm33_core0.o(.text) referenced from startup_mcxn947_cm33_core0.o(.text)
 <LI><a href="#[84]">FLEXPWM1_SUBMODULE0_IRQHandler</a> from startup_mcxn947_cm33_core0.o(.text) referenced from startup_mcxn947_cm33_core0.o(.isr_vector)
 <LI><a href="#[123]">FLEXPWM1_SUBMODULE1_DriverIRQHandler</a> from startup_mcxn947_cm33_core0.o(.text) referenced from startup_mcxn947_cm33_core0.o(.text)
 <LI><a href="#[85]">FLEXPWM1_SUBMODULE1_IRQHandler</a> from startup_mcxn947_cm33_core0.o(.text) referenced from startup_mcxn947_cm33_core0.o(.isr_vector)
 <LI><a href="#[124]">FLEXPWM1_SUBMODULE2_DriverIRQHandler</a> from startup_mcxn947_cm33_core0.o(.text) referenced from startup_mcxn947_cm33_core0.o(.text)
 <LI><a href="#[86]">FLEXPWM1_SUBMODULE2_IRQHandler</a> from startup_mcxn947_cm33_core0.o(.text) referenced from startup_mcxn947_cm33_core0.o(.isr_vector)
 <LI><a href="#[125]">FLEXPWM1_SUBMODULE3_DriverIRQHandler</a> from startup_mcxn947_cm33_core0.o(.text) referenced from startup_mcxn947_cm33_core0.o(.text)
 <LI><a href="#[87]">FLEXPWM1_SUBMODULE3_IRQHandler</a> from startup_mcxn947_cm33_core0.o(.text) referenced from startup_mcxn947_cm33_core0.o(.isr_vector)
 <LI><a href="#[e4]">FLEXSPI0_DriverIRQHandler</a> from startup_mcxn947_cm33_core0.o(.text) referenced from startup_mcxn947_cm33_core0.o(.text)
 <LI><a href="#[46]">FLEXSPI0_IRQHandler</a> from startup_mcxn947_cm33_core0.o(.text) referenced from startup_mcxn947_cm33_core0.o(.isr_vector)
 <LI><a href="#[134]">FMU0_DriverIRQHandler</a> from startup_mcxn947_cm33_core0.o(.text) referenced from startup_mcxn947_cm33_core0.o(.text)
 <LI><a href="#[96]">FMU0_IRQHandler</a> from startup_mcxn947_cm33_core0.o(.text) referenced from startup_mcxn947_cm33_core0.o(.isr_vector)
 <LI><a href="#[f1]">Freqme_DriverIRQHandler</a> from startup_mcxn947_cm33_core0.o(.text) referenced from startup_mcxn947_cm33_core0.o(.text)
 <LI><a href="#[53]">Freqme_IRQHandler</a> from startup_mcxn947_cm33_core0.o(.text) referenced from startup_mcxn947_cm33_core0.o(.isr_vector)
 <LI><a href="#[10c]">GDET_DriverIRQHandler</a> from startup_mcxn947_cm33_core0.o(.text) referenced from startup_mcxn947_cm33_core0.o(.text)
 <LI><a href="#[6e]">GDET_IRQHandler</a> from startup_mcxn947_cm33_core0.o(.text) referenced from startup_mcxn947_cm33_core0.o(.isr_vector)
 <LI><a href="#[bb]">GPIO00_DriverIRQHandler</a> from startup_mcxn947_cm33_core0.o(.text) referenced from startup_mcxn947_cm33_core0.o(.text)
 <LI><a href="#[1d]">GPIO00_IRQHandler</a> from fsl_adapter_gpio.o(.text.GPIO00_IRQHandler) referenced from startup_mcxn947_cm33_core0.o(.isr_vector)
 <LI><a href="#[bc]">GPIO01_DriverIRQHandler</a> from startup_mcxn947_cm33_core0.o(.text) referenced from startup_mcxn947_cm33_core0.o(.text)
 <LI><a href="#[1e]">GPIO01_IRQHandler</a> from fsl_adapter_gpio.o(.text.GPIO01_IRQHandler) referenced from startup_mcxn947_cm33_core0.o(.isr_vector)
 <LI><a href="#[bd]">GPIO10_DriverIRQHandler</a> from startup_mcxn947_cm33_core0.o(.text) referenced from startup_mcxn947_cm33_core0.o(.text)
 <LI><a href="#[1f]">GPIO10_IRQHandler</a> from fsl_adapter_gpio.o(.text.GPIO10_IRQHandler) referenced from startup_mcxn947_cm33_core0.o(.isr_vector)
 <LI><a href="#[be]">GPIO11_DriverIRQHandler</a> from startup_mcxn947_cm33_core0.o(.text) referenced from startup_mcxn947_cm33_core0.o(.text)
 <LI><a href="#[20]">GPIO11_IRQHandler</a> from fsl_adapter_gpio.o(.text.GPIO11_IRQHandler) referenced from startup_mcxn947_cm33_core0.o(.isr_vector)
 <LI><a href="#[bf]">GPIO20_DriverIRQHandler</a> from startup_mcxn947_cm33_core0.o(.text) referenced from startup_mcxn947_cm33_core0.o(.text)
 <LI><a href="#[21]">GPIO20_IRQHandler</a> from fsl_adapter_gpio.o(.text.GPIO20_IRQHandler) referenced from startup_mcxn947_cm33_core0.o(.isr_vector)
 <LI><a href="#[c0]">GPIO21_DriverIRQHandler</a> from startup_mcxn947_cm33_core0.o(.text) referenced from startup_mcxn947_cm33_core0.o(.text)
 <LI><a href="#[22]">GPIO21_IRQHandler</a> from fsl_adapter_gpio.o(.text.GPIO21_IRQHandler) referenced from startup_mcxn947_cm33_core0.o(.isr_vector)
 <LI><a href="#[c1]">GPIO30_DriverIRQHandler</a> from startup_mcxn947_cm33_core0.o(.text) referenced from startup_mcxn947_cm33_core0.o(.text)
 <LI><a href="#[23]">GPIO30_IRQHandler</a> from fsl_adapter_gpio.o(.text.GPIO30_IRQHandler) referenced from startup_mcxn947_cm33_core0.o(.isr_vector)
 <LI><a href="#[c2]">GPIO31_DriverIRQHandler</a> from startup_mcxn947_cm33_core0.o(.text) referenced from startup_mcxn947_cm33_core0.o(.text)
 <LI><a href="#[24]">GPIO31_IRQHandler</a> from fsl_adapter_gpio.o(.text.GPIO31_IRQHandler) referenced from startup_mcxn947_cm33_core0.o(.isr_vector)
 <LI><a href="#[c3]">GPIO40_DriverIRQHandler</a> from startup_mcxn947_cm33_core0.o(.text) referenced from startup_mcxn947_cm33_core0.o(.text)
 <LI><a href="#[25]">GPIO40_IRQHandler</a> from fsl_adapter_gpio.o(.text.GPIO40_IRQHandler) referenced from startup_mcxn947_cm33_core0.o(.isr_vector)
 <LI><a href="#[c4]">GPIO41_DriverIRQHandler</a> from startup_mcxn947_cm33_core0.o(.text) referenced from startup_mcxn947_cm33_core0.o(.text)
 <LI><a href="#[26]">GPIO41_IRQHandler</a> from fsl_adapter_gpio.o(.text.GPIO41_IRQHandler) referenced from startup_mcxn947_cm33_core0.o(.isr_vector)
 <LI><a href="#[c5]">GPIO50_DriverIRQHandler</a> from startup_mcxn947_cm33_core0.o(.text) referenced from startup_mcxn947_cm33_core0.o(.text)
 <LI><a href="#[27]">GPIO50_IRQHandler</a> from fsl_adapter_gpio.o(.text.GPIO50_IRQHandler) referenced from startup_mcxn947_cm33_core0.o(.isr_vector)
 <LI><a href="#[c6]">GPIO51_DriverIRQHandler</a> from startup_mcxn947_cm33_core0.o(.text) referenced from startup_mcxn947_cm33_core0.o(.text)
 <LI><a href="#[28]">GPIO51_IRQHandler</a> from fsl_adapter_gpio.o(.text.GPIO51_IRQHandler) referenced from startup_mcxn947_cm33_core0.o(.isr_vector)
 <LI><a href="#[117]">HSCMP0_DriverIRQHandler</a> from startup_mcxn947_cm33_core0.o(.text) referenced from startup_mcxn947_cm33_core0.o(.text)
 <LI><a href="#[79]">HSCMP0_IRQHandler</a> from startup_mcxn947_cm33_core0.o(.text) referenced from startup_mcxn947_cm33_core0.o(.isr_vector)
 <LI><a href="#[118]">HSCMP1_DriverIRQHandler</a> from startup_mcxn947_cm33_core0.o(.text) referenced from startup_mcxn947_cm33_core0.o(.text)
 <LI><a href="#[7a]">HSCMP1_IRQHandler</a> from startup_mcxn947_cm33_core0.o(.text) referenced from startup_mcxn947_cm33_core0.o(.isr_vector)
 <LI><a href="#[119]">HSCMP2_DriverIRQHandler</a> from startup_mcxn947_cm33_core0.o(.text) referenced from startup_mcxn947_cm33_core0.o(.text)
 <LI><a href="#[7b]">HSCMP2_IRQHandler</a> from startup_mcxn947_cm33_core0.o(.text) referenced from startup_mcxn947_cm33_core0.o(.isr_vector)
 <LI><a href="#[3]">HardFault_Handler</a> from zf_board_init.o(.text.HardFault_Handler) referenced from startup_mcxn947_cm33_core0.o(.isr_vector)
 <LI><a href="#[3]">HardFault_Handler</a> from zf_board_init.o(.text.HardFault_Handler) referenced from startup_mcxn947_cm33_core0.o(.text)
 <LI><a href="#[109]">I3C0_DriverIRQHandler</a> from startup_mcxn947_cm33_core0.o(.text) referenced from startup_mcxn947_cm33_core0.o(.text)
 <LI><a href="#[6b]">I3C0_IRQHandler</a> from startup_mcxn947_cm33_core0.o(.text) referenced from startup_mcxn947_cm33_core0.o(.isr_vector)
 <LI><a href="#[10a]">I3C1_DriverIRQHandler</a> from startup_mcxn947_cm33_core0.o(.text) referenced from startup_mcxn947_cm33_core0.o(.text)
 <LI><a href="#[6c]">I3C1_IRQHandler</a> from startup_mcxn947_cm33_core0.o(.text) referenced from startup_mcxn947_cm33_core0.o(.isr_vector)
 <LI><a href="#[12e]">ITRC0_DriverIRQHandler</a> from startup_mcxn947_cm33_core0.o(.text) referenced from startup_mcxn947_cm33_core0.o(.text)
 <LI><a href="#[90]">ITRC0_IRQHandler</a> from startup_mcxn947_cm33_core0.o(.text) referenced from startup_mcxn947_cm33_core0.o(.isr_vector)
 <LI><a href="#[139]">LPTMR0_DriverIRQHandler</a> from startup_mcxn947_cm33_core0.o(.text) referenced from startup_mcxn947_cm33_core0.o(.text)
 <LI><a href="#[9b]">LPTMR0_IRQHandler</a> from startup_mcxn947_cm33_core0.o(.text) referenced from startup_mcxn947_cm33_core0.o(.isr_vector)
 <LI><a href="#[13a]">LPTMR1_DriverIRQHandler</a> from startup_mcxn947_cm33_core0.o(.text) referenced from startup_mcxn947_cm33_core0.o(.text)
 <LI><a href="#[9c]">LPTMR1_IRQHandler</a> from startup_mcxn947_cm33_core0.o(.text) referenced from startup_mcxn947_cm33_core0.o(.isr_vector)
 <LI><a href="#[cd]">LP_FLEXCOMM0_DriverIRQHandler</a> from fsl_lpflexcomm.o(.text.LP_FLEXCOMM0_DriverIRQHandler) referenced from startup_mcxn947_cm33_core0.o(.text)
 <LI><a href="#[2f]">LP_FLEXCOMM0_IRQHandler</a> from startup_mcxn947_cm33_core0.o(.text) referenced from startup_mcxn947_cm33_core0.o(.isr_vector)
 <LI><a href="#[ce]">LP_FLEXCOMM1_DriverIRQHandler</a> from fsl_lpflexcomm.o(.text.LP_FLEXCOMM1_DriverIRQHandler) referenced from startup_mcxn947_cm33_core0.o(.text)
 <LI><a href="#[30]">LP_FLEXCOMM1_IRQHandler</a> from startup_mcxn947_cm33_core0.o(.text) referenced from startup_mcxn947_cm33_core0.o(.isr_vector)
 <LI><a href="#[cf]">LP_FLEXCOMM2_DriverIRQHandler</a> from fsl_lpflexcomm.o(.text.LP_FLEXCOMM2_DriverIRQHandler) referenced from startup_mcxn947_cm33_core0.o(.text)
 <LI><a href="#[31]">LP_FLEXCOMM2_IRQHandler</a> from startup_mcxn947_cm33_core0.o(.text) referenced from startup_mcxn947_cm33_core0.o(.isr_vector)
 <LI><a href="#[d0]">LP_FLEXCOMM3_DriverIRQHandler</a> from fsl_lpflexcomm.o(.text.LP_FLEXCOMM3_DriverIRQHandler) referenced from startup_mcxn947_cm33_core0.o(.text)
 <LI><a href="#[32]">LP_FLEXCOMM3_IRQHandler</a> from startup_mcxn947_cm33_core0.o(.text) referenced from startup_mcxn947_cm33_core0.o(.isr_vector)
 <LI><a href="#[d1]">LP_FLEXCOMM4_DriverIRQHandler</a> from fsl_lpflexcomm.o(.text.LP_FLEXCOMM4_DriverIRQHandler) referenced from startup_mcxn947_cm33_core0.o(.text)
 <LI><a href="#[33]">LP_FLEXCOMM4_IRQHandler</a> from zf_board_init.o(.text.LP_FLEXCOMM4_IRQHandler) referenced from startup_mcxn947_cm33_core0.o(.isr_vector)
 <LI><a href="#[d2]">LP_FLEXCOMM5_DriverIRQHandler</a> from fsl_lpflexcomm.o(.text.LP_FLEXCOMM5_DriverIRQHandler) referenced from startup_mcxn947_cm33_core0.o(.text)
 <LI><a href="#[34]">LP_FLEXCOMM5_IRQHandler</a> from zf_driver_uart.o(.text.LP_FLEXCOMM5_IRQHandler) referenced from startup_mcxn947_cm33_core0.o(.isr_vector)
 <LI><a href="#[d3]">LP_FLEXCOMM6_DriverIRQHandler</a> from fsl_lpflexcomm.o(.text.LP_FLEXCOMM6_DriverIRQHandler) referenced from startup_mcxn947_cm33_core0.o(.text)
 <LI><a href="#[35]">LP_FLEXCOMM6_IRQHandler</a> from startup_mcxn947_cm33_core0.o(.text) referenced from startup_mcxn947_cm33_core0.o(.isr_vector)
 <LI><a href="#[d4]">LP_FLEXCOMM7_DriverIRQHandler</a> from fsl_lpflexcomm.o(.text.LP_FLEXCOMM7_DriverIRQHandler) referenced from startup_mcxn947_cm33_core0.o(.text)
 <LI><a href="#[36]">LP_FLEXCOMM7_IRQHandler</a> from startup_mcxn947_cm33_core0.o(.text) referenced from startup_mcxn947_cm33_core0.o(.isr_vector)
 <LI><a href="#[d5]">LP_FLEXCOMM8_DriverIRQHandler</a> from fsl_lpflexcomm.o(.text.LP_FLEXCOMM8_DriverIRQHandler) referenced from startup_mcxn947_cm33_core0.o(.text)
 <LI><a href="#[37]">LP_FLEXCOMM8_IRQHandler</a> from startup_mcxn947_cm33_core0.o(.text) referenced from startup_mcxn947_cm33_core0.o(.isr_vector)
 <LI><a href="#[d6]">LP_FLEXCOMM9_DriverIRQHandler</a> from fsl_lpflexcomm.o(.text.LP_FLEXCOMM9_DriverIRQHandler) referenced from startup_mcxn947_cm33_core0.o(.text)
 <LI><a href="#[38]">LP_FLEXCOMM9_IRQHandler</a> from startup_mcxn947_cm33_core0.o(.text) referenced from startup_mcxn947_cm33_core0.o(.isr_vector)
 <LI><a href="#[e0]">MAILBOX_DriverIRQHandler</a> from startup_mcxn947_cm33_core0.o(.text) referenced from startup_mcxn947_cm33_core0.o(.text)
 <LI><a href="#[42]">MAILBOX_IRQHandler</a> from startup_mcxn947_cm33_core0.o(.text) referenced from startup_mcxn947_cm33_core0.o(.isr_vector)
 <LI><a href="#[c8]">MRT0_DriverIRQHandler</a> from startup_mcxn947_cm33_core0.o(.text) referenced from startup_mcxn947_cm33_core0.o(.text)
 <LI><a href="#[2a]">MRT0_IRQHandler</a> from startup_mcxn947_cm33_core0.o(.text) referenced from startup_mcxn947_cm33_core0.o(.isr_vector)
 <LI><a href="#[4]">MemManage_Handler</a> from startup_mcxn947_cm33_core0.o(.text) referenced from startup_mcxn947_cm33_core0.o(.isr_vector)
 <LI><a href="#[2]">NMI_Handler</a> from startup_mcxn947_cm33_core0.o(.text) referenced from startup_mcxn947_cm33_core0.o(.isr_vector)
 <LI><a href="#[2]">NMI_Handler</a> from startup_mcxn947_cm33_core0.o(.text) referenced from startup_mcxn947_cm33_core0.o(.text)
 <LI><a href="#[10b]">NPU_DriverIRQHandler</a> from startup_mcxn947_cm33_core0.o(.text) referenced from startup_mcxn947_cm33_core0.o(.text)
 <LI><a href="#[6d]">NPU_IRQHandler</a> from startup_mcxn947_cm33_core0.o(.text) referenced from startup_mcxn947_cm33_core0.o(.isr_vector)
 <LI><a href="#[aa]">OR_DriverIRQHandler</a> from startup_mcxn947_cm33_core0.o(.text) referenced from startup_mcxn947_cm33_core0.o(.text)
 <LI><a href="#[c]">OR_IRQHandler</a> from startup_mcxn947_cm33_core0.o(.text) referenced from startup_mcxn947_cm33_core0.o(.isr_vector)
 <LI><a href="#[e3]">OS_EVENT_DriverIRQHandler</a> from startup_mcxn947_cm33_core0.o(.text) referenced from startup_mcxn947_cm33_core0.o(.text)
 <LI><a href="#[45]">OS_EVENT_IRQHandler</a> from startup_mcxn947_cm33_core0.o(.text) referenced from startup_mcxn947_cm33_core0.o(.isr_vector)
 <LI><a href="#[da]">PDM_EVENT_DriverIRQHandler</a> from startup_mcxn947_cm33_core0.o(.text) referenced from startup_mcxn947_cm33_core0.o(.text)
 <LI><a href="#[3c]">PDM_EVENT_IRQHandler</a> from startup_mcxn947_cm33_core0.o(.text) referenced from startup_mcxn947_cm33_core0.o(.isr_vector)
 <LI><a href="#[d9]">PINT0_DriverIRQHandler</a> from startup_mcxn947_cm33_core0.o(.text) referenced from startup_mcxn947_cm33_core0.o(.text)
 <LI><a href="#[3b]">PINT0_IRQHandler</a> from startup_mcxn947_cm33_core0.o(.text) referenced from startup_mcxn947_cm33_core0.o(.isr_vector)
 <LI><a href="#[f4]">PKC_DriverIRQHandler</a> from startup_mcxn947_cm33_core0.o(.text) referenced from startup_mcxn947_cm33_core0.o(.text)
 <LI><a href="#[131]">PKC_ERR_DriverIRQHandler</a> from startup_mcxn947_cm33_core0.o(.text) referenced from startup_mcxn947_cm33_core0.o(.text)
 <LI><a href="#[93]">PKC_ERR_IRQHandler</a> from startup_mcxn947_cm33_core0.o(.text) referenced from startup_mcxn947_cm33_core0.o(.isr_vector)
 <LI><a href="#[56]">PKC_IRQHandler</a> from startup_mcxn947_cm33_core0.o(.text) referenced from startup_mcxn947_cm33_core0.o(.isr_vector)
 <LI><a href="#[f0]">PLU_DriverIRQHandler</a> from zf_driver_ezh.o(.text.PLU_DriverIRQHandler) referenced from startup_mcxn947_cm33_core0.o(.text)
 <LI><a href="#[52]">PLU_IRQHandler</a> from startup_mcxn947_cm33_core0.o(.text) referenced from startup_mcxn947_cm33_core0.o(.isr_vector)
 <LI><a href="#[13e]">PORT_EFT_DriverIRQHandler</a> from startup_mcxn947_cm33_core0.o(.text) referenced from startup_mcxn947_cm33_core0.o(.text)
 <LI><a href="#[a0]">PORT_EFT_IRQHandler</a> from startup_mcxn947_cm33_core0.o(.text) referenced from startup_mcxn947_cm33_core0.o(.isr_vector)
 <LI><a href="#[f6]">PQ_DriverIRQHandler</a> from startup_mcxn947_cm33_core0.o(.text) referenced from startup_mcxn947_cm33_core0.o(.text)
 <LI><a href="#[58]">PQ_IRQHandler</a> from startup_mcxn947_cm33_core0.o(.text) referenced from startup_mcxn947_cm33_core0.o(.isr_vector)
 <LI><a href="#[f5]">PUF_DriverIRQHandler</a> from startup_mcxn947_cm33_core0.o(.text) referenced from startup_mcxn947_cm33_core0.o(.text)
 <LI><a href="#[57]">PUF_IRQHandler</a> from startup_mcxn947_cm33_core0.o(.text) referenced from startup_mcxn947_cm33_core0.o(.isr_vector)
 <LI><a href="#[a]">PendSV_Handler</a> from startup_mcxn947_cm33_core0.o(.text) referenced from startup_mcxn947_cm33_core0.o(.isr_vector)
[...]
</UL>
<BR>[Calls]<UL><LI><a href="#[2ad]">&gt;&gt;</a>&nbsp;&nbsp;&nbsp;__cxa_guard_release
<LI><a href="#[2ac]">&gt;&gt;</a>&nbsp;&nbsp;&nbsp;__cxa_guard_acquire
<LI><a href="#[2a0]">&gt;&gt;</a>&nbsp;&nbsp;&nbsp;MicroPrintf(char const*, ...)
<LI><a href="#[2c5]">&gt;&gt;</a>&nbsp;&nbsp;&nbsp;neutronRunBlocking
<LI><a href="#[2c4]">&gt;&gt;</a>&nbsp;&nbsp;&nbsp;neutronSetTrace
<LI><a href="#[209]">&gt;&gt;</a>&nbsp;&nbsp;&nbsp;abort
</UL>
<BR>[Address Reference Count : 1]<UL><LI> neutron.o(.text._ZN6tflite22Register_NEUTRON_GRAPHEv)
</UL>
<P><STRONG><a name="[167]"></a>ezh_camera_callback</STRONG> (Thumb, 14 bytes, Stack size 0 bytes, zf_driver_ezh.o(.text.ezh_camera_callback))
<BR>[Address Reference Count : 1]<UL><LI> zf_driver_ezh.o(.text.ezh_start)
</UL>
<P><STRONG><a name="[168]"></a>tflite::(anonymous namespace)::MicroBuiltinDataAllocator::Allocate(unsigned int, unsigned int)</STRONG> (Thumb, 8 bytes, Stack size unknown bytes, micro_allocator.o(.text._ZN6tflite12_GLOBAL__N_125MicroBuiltinDataAllocator8AllocateEjj))
<BR>[Address Reference Count : 1]<UL><LI> micro_allocator.o(.rodata._ZTVN6tflite12_GLOBAL__N_125MicroBuiltinDataAllocatorE)
</UL>
<P><STRONG><a name="[169]"></a>tflite::(anonymous namespace)::MicroBuiltinDataAllocator::Deallocate(void*)</STRONG> (Thumb, 2 bytes, Stack size unknown bytes, micro_allocator.o(.text._ZN6tflite12_GLOBAL__N_125MicroBuiltinDataAllocator10DeallocateEPv))
<BR>[Address Reference Count : 1]<UL><LI> micro_allocator.o(.rodata._ZTVN6tflite12_GLOBAL__N_125MicroBuiltinDataAllocatorE)
</UL>
<P><STRONG><a name="[16b]"></a>tflite::(anonymous namespace)::MicroBuiltinDataAllocator::~MicroBuiltinDataAllocator__deallocating()</STRONG> (Thumb, 2 bytes, Stack size unknown bytes, micro_allocator.o(.text._ZN6tflite12_GLOBAL__N_125MicroBuiltinDataAllocatorD0Ev))
<BR>[Address Reference Count : 1]<UL><LI> micro_allocator.o(.rodata._ZTVN6tflite12_GLOBAL__N_125MicroBuiltinDataAllocatorE)
</UL>
<P><STRONG><a name="[16a]"></a>tflite::(anonymous namespace)::MicroBuiltinDataAllocator::~MicroBuiltinDataAllocator()</STRONG> (Thumb, 2 bytes, Stack size unknown bytes, micro_allocator.o(.text._ZN6tflite12_GLOBAL__N_125MicroBuiltinDataAllocatorD0Ev))
<BR>[Address Reference Count : 1]<UL><LI> micro_allocator.o(.rodata._ZTVN6tflite12_GLOBAL__N_125MicroBuiltinDataAllocatorE)
</UL>
<P><STRONG><a name="[2f0]"></a>tflite::MicroInterpreter::inputs_size() const (.isra.0)</STRONG> (Thumb, 22 bytes, Stack size unknown bytes, micro_interpreter.o(.text._ZNK6tflite16MicroInterpreter11inputs_sizeEv.isra.0))
<BR><BR>[Calls]<UL><LI><a href="#[2af]">&gt;&gt;</a>&nbsp;&nbsp;&nbsp;flatbuffers::Vector&lang;long&rang; const* flatbuffers::Table::GetPointer&lang;flatbuffers::Vector&lang;long&rang; const*&rang;(unsigned short)
<LI><a href="#[2d6]">&gt;&gt;</a>&nbsp;&nbsp;&nbsp;tflite::Model::subgraphs() const
</UL>
<BR>[Called By]<UL><LI><a href="#[2fa]">&gt;&gt;</a>&nbsp;&nbsp;&nbsp;tflite::MicroInterpreter::input(unsigned int)
<LI><a href="#[2eb]">&gt;&gt;</a>&nbsp;&nbsp;&nbsp;tflite::MicroInterpreter::AllocateTensors()
</UL>

<P><STRONG><a name="[2f1]"></a>tflite::MicroInterpreter::outputs_size() const (.isra.0)</STRONG> (Thumb, 22 bytes, Stack size unknown bytes, micro_interpreter.o(.text._ZNK6tflite16MicroInterpreter12outputs_sizeEv.isra.0))
<BR><BR>[Calls]<UL><LI><a href="#[2af]">&gt;&gt;</a>&nbsp;&nbsp;&nbsp;flatbuffers::Vector&lang;long&rang; const* flatbuffers::Table::GetPointer&lang;flatbuffers::Vector&lang;long&rang; const*&rang;(unsigned short)
<LI><a href="#[2d6]">&gt;&gt;</a>&nbsp;&nbsp;&nbsp;tflite::Model::subgraphs() const
</UL>
<BR>[Called By]<UL><LI><a href="#[2fc]">&gt;&gt;</a>&nbsp;&nbsp;&nbsp;tflite::MicroInterpreter::output(unsigned int)
<LI><a href="#[2eb]">&gt;&gt;</a>&nbsp;&nbsp;&nbsp;tflite::MicroInterpreter::AllocateTensors()
</UL>

<P><STRONG><a name="[2a2]"></a>(anonymous namespace)::VDebugLog(char const*, ...) (.constprop.0)</STRONG> (Thumb, 28 bytes, Stack size unknown bytes, micro_log.o(.text._ZN12_GLOBAL__N_19VDebugLogEPKcz.constprop.0))
<BR><BR>[Stack]<UL><LI>Max Depth = 128 + Unknown Stack Size
<LI>Call Chain = (anonymous namespace)::VDebugLog(char const*, ...) (.constprop.0) &rArr; DebugLog &rArr; vsnprintf &rArr; _printf_char_common &rArr; __printf
</UL>
<BR>[Calls]<UL><LI><a href="#[27a]">&gt;&gt;</a>&nbsp;&nbsp;&nbsp;DebugLog
</UL>
<BR>[Called By]<UL><LI><a href="#[2a1]">&gt;&gt;</a>&nbsp;&nbsp;&nbsp;VMicroPrintf(char const*, std::__va_list)
</UL>

<P><STRONG><a name="[2b3]"></a>TfLiteStatus tflite::(anonymous namespace)::FlatBufferIntVectorToArray&lang;long&rang;(int, flatbuffers::Vector&lang;long&rang; const*, long*, tflite::ErrorReporter*, char const*) (.constprop.0)</STRONG> (Thumb, 64 bytes, Stack size unknown bytes, flatbuffer_conversions.o(.text._ZN6tflite12_GLOBAL__N_1L26FlatBufferIntVectorToArrayIlEE12TfLiteStatusiPKN11flatbuffers6VectorIT_EEPS5_PNS_13ErrorReporterEPKc.constprop.0))
<BR><BR>[Calls]<UL><LI><a href="#[2ce]">&gt;&gt;</a>&nbsp;&nbsp;&nbsp;tflite::ErrorReporter::Report(char const*, ...)
</UL>
<BR>[Called By]<UL><LI><a href="#[14a]">&gt;&gt;</a>&nbsp;&nbsp;&nbsp;tflite::ParseReshape(tflite::Operator const*, tflite::ErrorReporter*, tflite::BuiltinDataAllocator*, void**)
</UL>

<P><STRONG><a name="[2b4]"></a>tflite::(anonymous namespace)::SafeBuiltinDataAllocator::BuiltinDataDeleter::operator()(void*) (.isra.0)</STRONG> (Thumb, 6 bytes, Stack size unknown bytes, flatbuffer_conversions.o(.text._ZN6tflite12_GLOBAL__N_124SafeBuiltinDataAllocator18BuiltinDataDeleterclEPv.isra.0))
<BR><BR>[Called By]<UL><LI><a href="#[14a]">&gt;&gt;</a>&nbsp;&nbsp;&nbsp;tflite::ParseReshape(tflite::Operator const*, tflite::ErrorReporter*, tflite::BuiltinDataAllocator*, void**)
</UL>

<P><STRONG><a name="[15f]"></a>tflite::(anonymous namespace)::Init(TfLiteContext*, char const*, unsigned int)</STRONG> (Thumb, 6 bytes, Stack size unknown bytes, quantize.o(.text._ZN6tflite12_GLOBAL__N_14InitEP13TfLiteContextPKcj))
<BR>[Address Reference Count : 1]<UL><LI> quantize.o(.text._ZN6tflite17Register_QUANTIZEEv)
</UL>
<P><STRONG><a name="[158]"></a>tflite::(anonymous namespace)::Eval(TfLiteContext*, TfLiteNode*)</STRONG> (Thumb, 80 bytes, Stack size unknown bytes, reshape.o(.text._ZN6tflite12_GLOBAL__N_14EvalEP13TfLiteContextP10TfLiteNode))
<BR><BR>[Stack]<UL><LI>Max Depth = 8 + Unknown Stack Size
<LI>Call Chain = tflite::(anonymous namespace)::Eval(TfLiteContext*, TfLiteNode*) &rArr; memcpy
</UL>
<BR>[Calls]<UL><LI><a href="#[2c7]">&gt;&gt;</a>&nbsp;&nbsp;&nbsp;tflite::ElementCount(TfLiteIntArray const&)
<LI><a href="#[2c6]">&gt;&gt;</a>&nbsp;&nbsp;&nbsp;tflite::TfLiteTypeSizeOf(TfLiteType, unsigned int*)
<LI><a href="#[2b7]">&gt;&gt;</a>&nbsp;&nbsp;&nbsp;tflite::micro::GetEvalOutput(TfLiteContext const*, TfLiteNode const*, int)
<LI><a href="#[2b6]">&gt;&gt;</a>&nbsp;&nbsp;&nbsp;tflite::micro::GetEvalInput(TfLiteContext const*, TfLiteNode const*, int)
<LI><a href="#[20d]">&gt;&gt;</a>&nbsp;&nbsp;&nbsp;memcpy
</UL>
<BR>[Address Reference Count : 1]<UL><LI> reshape.o(.text._ZN6tflite16Register_RESHAPEEv)
</UL>
<P><STRONG><a name="[150]"></a>tflite::(anonymous namespace)::Prepare(TfLiteContext*, TfLiteNode*)</STRONG> (Thumb, 208 bytes, Stack size unknown bytes, slice.o(.text._ZN6tflite12_GLOBAL__N_17PrepareEP13TfLiteContextP10TfLiteNode))
<BR><BR>[Calls]<UL><LI><a href="#[2c1]">&gt;&gt;</a>&nbsp;&nbsp;&nbsp;tflite::MicroContext::AllocateTempOutputTensor(TfLiteNode const*, int)
<LI><a href="#[2c0]">&gt;&gt;</a>&nbsp;&nbsp;&nbsp;tflite::MicroContext::AllocateTempInputTensor(TfLiteNode const*, int)
</UL>
<BR>[Address Reference Count : 1]<UL><LI> slice.o(.text._ZN6tflite14Register_SLICEEv)
</UL>
<P><STRONG><a name="[14f]"></a>tflite::(anonymous namespace)::Eval(TfLiteContext*, TfLiteNode*)</STRONG> (Thumb, 2244 bytes, Stack size unknown bytes, slice.o(.text._ZN6tflite12_GLOBAL__N_14EvalEP13TfLiteContextP10TfLiteNode))
<BR><BR>[Stack]<UL><LI>Max Depth = 128 + Unknown Stack Size
<LI>Call Chain = tflite::(anonymous namespace)::Eval(TfLiteContext*, TfLiteNode*) &rArr; MicroPrintf(char const*, ...) &rArr; VMicroPrintf(char const*, std::__va_list) &rArr; DebugLog &rArr; vsnprintf &rArr; _printf_char_common &rArr; __printf
</UL>
<BR>[Calls]<UL><LI><a href="#[2a0]">&gt;&gt;</a>&nbsp;&nbsp;&nbsp;MicroPrintf(char const*, ...)
<LI><a href="#[2ba]">&gt;&gt;</a>&nbsp;&nbsp;&nbsp;tflite::micro::GetTensorShape(TfLiteEvalTensor const*)
<LI><a href="#[2b8]">&gt;&gt;</a>&nbsp;&nbsp;&nbsp;TfLiteTypeGetName
<LI><a href="#[2b7]">&gt;&gt;</a>&nbsp;&nbsp;&nbsp;tflite::micro::GetEvalOutput(TfLiteContext const*, TfLiteNode const*, int)
<LI><a href="#[2b6]">&gt;&gt;</a>&nbsp;&nbsp;&nbsp;tflite::micro::GetEvalInput(TfLiteContext const*, TfLiteNode const*, int)
<LI><a href="#[20d]">&gt;&gt;</a>&nbsp;&nbsp;&nbsp;memcpy
</UL>
<BR>[Address Reference Count : 1]<UL><LI> slice.o(.text._ZN6tflite14Register_SLICEEv)
</UL>
<P><STRONG><a name="[15c]"></a>tflite::(anonymous namespace)::Init(TfLiteContext*, char const*, unsigned int)</STRONG> (Thumb, 6 bytes, Stack size unknown bytes, softmax.o(.text._ZN6tflite12_GLOBAL__N_14InitEP13TfLiteContextPKcj))
<BR>[Address Reference Count : 1]<UL><LI> softmax.o(.text._ZN6tflite16Register_SOFTMAXEv)
</UL>
<P><STRONG><a name="[15a]"></a>tflite::(anonymous namespace)::SoftmaxEval(TfLiteContext*, TfLiteNode*)</STRONG> (Thumb, 464 bytes, Stack size unknown bytes, softmax.o(.text._ZN6tflite12_GLOBAL__N_111SoftmaxEvalEP13TfLiteContextP10TfLiteNode))
<BR><BR>[Stack]<UL><LI>Max Depth = 128 + Unknown Stack Size
<LI>Call Chain = tflite::(anonymous namespace)::SoftmaxEval(TfLiteContext*, TfLiteNode*) &rArr; MicroPrintf(char const*, ...) &rArr; VMicroPrintf(char const*, std::__va_list) &rArr; DebugLog &rArr; vsnprintf &rArr; _printf_char_common &rArr; __printf
</UL>
<BR>[Calls]<UL><LI><a href="#[2a0]">&gt;&gt;</a>&nbsp;&nbsp;&nbsp;MicroPrintf(char const*, ...)
<LI><a href="#[2b9]">&gt;&gt;</a>&nbsp;&nbsp;&nbsp;arm_softmax_s16
<LI><a href="#[2bd]">&gt;&gt;</a>&nbsp;&nbsp;&nbsp;arm_softmax_s8_s16
<LI><a href="#[2be]">&gt;&gt;</a>&nbsp;&nbsp;&nbsp;arm_softmax_s8
<LI><a href="#[2ba]">&gt;&gt;</a>&nbsp;&nbsp;&nbsp;tflite::micro::GetTensorShape(TfLiteEvalTensor const*)
<LI><a href="#[2b8]">&gt;&gt;</a>&nbsp;&nbsp;&nbsp;TfLiteTypeGetName
<LI><a href="#[2b7]">&gt;&gt;</a>&nbsp;&nbsp;&nbsp;tflite::micro::GetEvalOutput(TfLiteContext const*, TfLiteNode const*, int)
<LI><a href="#[2b6]">&gt;&gt;</a>&nbsp;&nbsp;&nbsp;tflite::micro::GetEvalInput(TfLiteContext const*, TfLiteNode const*, int)
<LI><a href="#[2bc]">&gt;&gt;</a>&nbsp;&nbsp;&nbsp;expf
<LI><a href="#[2bb]">&gt;&gt;</a>&nbsp;&nbsp;&nbsp;__aeabi_d2f
</UL>
<BR>[Address Reference Count : 1]<UL><LI> softmax.o(.text._ZN6tflite16Register_SOFTMAXEv)
</UL>
<P><STRONG><a name="[15b]"></a>tflite::(anonymous namespace)::Prepare(TfLiteContext*, TfLiteNode*)</STRONG> (Thumb, 352 bytes, Stack size unknown bytes, softmax.o(.text._ZN6tflite12_GLOBAL__N_17PrepareEP13TfLiteContextP10TfLiteNode))
<BR><BR>[Stack]<UL><LI>Max Depth = 208 + Unknown Stack Size
<LI>Call Chain = tflite::(anonymous namespace)::Prepare(TfLiteContext*, TfLiteNode*) &rArr; tflite::CalculateSoftmaxParams(TfLiteContext*, TfLiteTensor const*, TfLiteTensor*, TfLiteSoftmaxParams const*, tflite::SoftmaxParams*) &rArr; tflite::CalculateSoftmaxParams(TfLiteContext*, TfLiteTensor const*, TfLiteTensor*, TfLiteSoftmaxParams const*, tflite::SoftmaxParams*) (.part.0) &rArr; tflite::PreprocessSoftmaxScaling(double, double, int, long*, int*) &rArr; tflite::QuantizeMultiplierGreaterThanOne(double, long*, int*) &rArr; tflite::QuantizeMultiplier(double, long*, int*) &rArr; round &rArr; _drnd &rArr; __fpl_dnaninf &rArr; __dunder_d &rArr; _fp_trapveneer &rArr; _fp_trap &rArr; __rt_SIGFPE &rArr; __rt_SIGFPE_inner &rArr; __default_signal_display &rArr; _ttywrch
</UL>
<BR>[Calls]<UL><LI><a href="#[2c1]">&gt;&gt;</a>&nbsp;&nbsp;&nbsp;tflite::MicroContext::AllocateTempOutputTensor(TfLiteNode const*, int)
<LI><a href="#[2c0]">&gt;&gt;</a>&nbsp;&nbsp;&nbsp;tflite::MicroContext::AllocateTempInputTensor(TfLiteNode const*, int)
<LI><a href="#[2cd]">&gt;&gt;</a>&nbsp;&nbsp;&nbsp;tflite::GetTensorShape(TfLiteTensor const*)
<LI><a href="#[2cc]">&gt;&gt;</a>&nbsp;&nbsp;&nbsp;tflite::CalculateSoftmaxParams(TfLiteContext*, TfLiteTensor const*, TfLiteTensor*, TfLiteSoftmaxParams const*, tflite::SoftmaxParams*)
</UL>
<BR>[Address Reference Count : 1]<UL><LI> softmax.o(.text._ZN6tflite16Register_SOFTMAXEv)
</UL>
<P><STRONG><a name="[319]"></a>tflite::(anonymous namespace)::OpNameFromRegistration(TFLMRegistration const*)</STRONG> (Thumb, 32 bytes, Stack size unknown bytes, micro_interpreter_graph.o(.text._ZN6tflite12_GLOBAL__N_122OpNameFromRegistrationEPK16TFLMRegistration))
<BR><BR>[Called By]<UL><LI><a href="#[196]">&gt;&gt;</a>&nbsp;&nbsp;&nbsp;tflite::MicroInterpreterGraph::InvokeSubgraph(int)
<LI><a href="#[19e]">&gt;&gt;</a>&nbsp;&nbsp;&nbsp;tflite::MicroInterpreterGraph::PrepareSubgraphs()
</UL>

<P><STRONG><a name="[339]"></a>.LTHUNK3</STRONG> (Thumb, 8 bytes, Stack size unknown bytes, single_arena_buffer_allocator.o(.text._ZNK6tflite26SingleArenaBufferAllocator22GetPersistentUsedBytesEv))
<BR><BR>[Called By]<UL><LI><a href="#[1c5]">&gt;&gt;</a>&nbsp;&nbsp;&nbsp;non-virtual thunk to tflite::SingleArenaBufferAllocator::GetPersistentUsedBytes() const
</UL>

<P><STRONG><a name="[338]"></a>.LTHUNK2</STRONG> (Thumb, 48 bytes, Stack size unknown bytes, single_arena_buffer_allocator.o(.text._ZN6tflite26SingleArenaBufferAllocator24AllocatePersistentBufferEjj))
<BR><BR>[Called By]<UL><LI><a href="#[1c4]">&gt;&gt;</a>&nbsp;&nbsp;&nbsp;non-virtual thunk to tflite::SingleArenaBufferAllocator::AllocatePersistentBuffer(unsigned int, unsigned int)
</UL>

<P><STRONG><a name="[2bf]"></a>tflite::(anonymous namespace)::ReshapeOutput(TfLiteContext*, TfLiteNode*)</STRONG> (Thumb, 436 bytes, Stack size unknown bytes, reshape_common.o(.text._ZN6tflite12_GLOBAL__N_113ReshapeOutputEP13TfLiteContextP10TfLiteNode))
<BR><BR>[Stack]<UL><LI>Max Depth = 8 + Unknown Stack Size
<LI>Call Chain = tflite::(anonymous namespace)::ReshapeOutput(TfLiteContext*, TfLiteNode*) &rArr; tflite::micro::CreateWritableTensorDimsWithCopy(TfLiteContext*, TfLiteTensor*, TfLiteEvalTensor*) &rArr; memmove
</UL>
<BR>[Calls]<UL><LI><a href="#[2c1]">&gt;&gt;</a>&nbsp;&nbsp;&nbsp;tflite::MicroContext::AllocateTempOutputTensor(TfLiteNode const*, int)
<LI><a href="#[2c0]">&gt;&gt;</a>&nbsp;&nbsp;&nbsp;tflite::MicroContext::AllocateTempInputTensor(TfLiteNode const*, int)
<LI><a href="#[2c2]">&gt;&gt;</a>&nbsp;&nbsp;&nbsp;tflite::micro::CreateWritableTensorDimsWithCopy(TfLiteContext*, TfLiteTensor*, TfLiteEvalTensor*)
<LI><a href="#[2b8]">&gt;&gt;</a>&nbsp;&nbsp;&nbsp;TfLiteTypeGetName
<LI><a href="#[2b7]">&gt;&gt;</a>&nbsp;&nbsp;&nbsp;tflite::micro::GetEvalOutput(TfLiteContext const*, TfLiteNode const*, int)
</UL>
<BR>[Called By]<UL><LI><a href="#[159]">&gt;&gt;</a>&nbsp;&nbsp;&nbsp;tflite::PrepareReshapeReference(TfLiteContext*, TfLiteNode*)
</UL>

<P><STRONG><a name="[31d]"></a>tflite::CalculateSoftmaxParams(TfLiteContext*, TfLiteTensor const*, TfLiteTensor*, TfLiteSoftmaxParams const*, tflite::SoftmaxParams*) (.part.0)</STRONG> (Thumb, 804 bytes, Stack size unknown bytes, softmax_common.o(.text._ZN6tflite22CalculateSoftmaxParamsEP13TfLiteContextPK12TfLiteTensorPS2_PK19TfLiteSoftmaxParamsPNS_13SoftmaxParamsE.part.0))
<BR><BR>[Stack]<UL><LI>Max Depth = 208 + Unknown Stack Size
<LI>Call Chain = tflite::CalculateSoftmaxParams(TfLiteContext*, TfLiteTensor const*, TfLiteTensor*, TfLiteSoftmaxParams const*, tflite::SoftmaxParams*) (.part.0) &rArr; tflite::PreprocessSoftmaxScaling(double, double, int, long*, int*) &rArr; tflite::QuantizeMultiplierGreaterThanOne(double, long*, int*) &rArr; tflite::QuantizeMultiplier(double, long*, int*) &rArr; round &rArr; _drnd &rArr; __fpl_dnaninf &rArr; __dunder_d &rArr; _fp_trapveneer &rArr; _fp_trap &rArr; __rt_SIGFPE &rArr; __rt_SIGFPE_inner &rArr; __default_signal_display &rArr; _ttywrch
</UL>
<BR>[Calls]<UL><LI><a href="#[30e]">&gt;&gt;</a>&nbsp;&nbsp;&nbsp;tflite::CalculateInputRadius(int, int, int)
<LI><a href="#[31e]">&gt;&gt;</a>&nbsp;&nbsp;&nbsp;tflite::PreprocessSoftmaxScaling(double, double, int, long*, int*)
<LI><a href="#[305]">&gt;&gt;</a>&nbsp;&nbsp;&nbsp;tflite::QuantizeMultiplier(double, long*, int*)
<LI><a href="#[2b8]">&gt;&gt;</a>&nbsp;&nbsp;&nbsp;TfLiteTypeGetName
<LI><a href="#[304]">&gt;&gt;</a>&nbsp;&nbsp;&nbsp;__aeabi_f2d
<LI><a href="#[2d0]">&gt;&gt;</a>&nbsp;&nbsp;&nbsp;__aeabi_dmul
<LI><a href="#[2cf]">&gt;&gt;</a>&nbsp;&nbsp;&nbsp;__aeabi_i2d
<LI><a href="#[312]">&gt;&gt;</a>&nbsp;&nbsp;&nbsp;__aeabi_d2iz
<LI><a href="#[310]">&gt;&gt;</a>&nbsp;&nbsp;&nbsp;__aeabi_ddiv
</UL>
<BR>[Called By]<UL><LI><a href="#[2cc]">&gt;&gt;</a>&nbsp;&nbsp;&nbsp;tflite::CalculateSoftmaxParams(TfLiteContext*, TfLiteTensor const*, TfLiteTensor*, TfLiteSoftmaxParams const*, tflite::SoftmaxParams*)
</UL>

<P><STRONG><a name="[2c3]"></a>tflite::(anonymous namespace)::InitializeLutForInt16(TfLiteContext*, TfLiteTensor const*, TfLiteTensor*, tflite::SoftmaxParams*)</STRONG> (Thumb, 720 bytes, Stack size unknown bytes, softmax_common.o(.text._ZN6tflite12_GLOBAL__N_121InitializeLutForInt16EP13TfLiteContextPK12TfLiteTensorPS3_PNS_13SoftmaxParamsE))
<BR><BR>[Stack]<UL><LI>Max Depth = 32 + Unknown Stack Size
<LI>Call Chain = tflite::(anonymous namespace)::InitializeLutForInt16(TfLiteContext*, TfLiteTensor const*, TfLiteTensor*, tflite::SoftmaxParams*) &rArr; expf &rArr; __hardfp_expf &rArr; __set_errno
</UL>
<BR>[Calls]<UL><LI><a href="#[2bc]">&gt;&gt;</a>&nbsp;&nbsp;&nbsp;expf
</UL>
<BR>[Called By]<UL><LI><a href="#[2cc]">&gt;&gt;</a>&nbsp;&nbsp;&nbsp;tflite::CalculateSoftmaxParams(TfLiteContext*, TfLiteTensor const*, TfLiteTensor*, TfLiteSoftmaxParams const*, tflite::SoftmaxParams*)
</UL>

<P><STRONG><a name="[148]"></a>_printf_input_char</STRONG> (Thumb, 10 bytes, Stack size 0 bytes, _printf_char_common.o(.text))
<BR>[Address Reference Count : 1]<UL><LI> _printf_char_common.o(.text)
</UL>
<P><STRONG><a name="[393]"></a>_dadd1</STRONG> (Thumb, 0 bytes, Stack size unknown bytes, daddsub_clz.o(x$fpl$dadd), UNUSED)
<BR><BR>[Called By]<UL><LI><a href="#[395]">&gt;&gt;</a>&nbsp;&nbsp;&nbsp;_dsub
<LI><a href="#[392]">&gt;&gt;</a>&nbsp;&nbsp;&nbsp;_drsb
</UL>

<P><STRONG><a name="[396]"></a>dadd_zerodenorm</STRONG> (Thumb, 0 bytes, Stack size unknown bytes, daddsub_clz.o(x$fpl$dadd), UNUSED)
<BR><BR>[Called By]<UL><LI><a href="#[395]">&gt;&gt;</a>&nbsp;&nbsp;&nbsp;_dsub
</UL>

<P><STRONG><a name="[381]"></a>_dsub1</STRONG> (Thumb, 0 bytes, Stack size unknown bytes, daddsub_clz.o(x$fpl$dsub), UNUSED)
<BR><BR>[Called By]<UL><LI><a href="#[392]">&gt;&gt;</a>&nbsp;&nbsp;&nbsp;_drsb
<LI><a href="#[380]">&gt;&gt;</a>&nbsp;&nbsp;&nbsp;_dadd
</UL>

<P><STRONG><a name="[383]"></a>daddsub_denorm</STRONG> (Thumb, 0 bytes, Stack size unknown bytes, daddsub_clz.o(x$fpl$dsub), UNUSED)
<BR><BR>[Called By]<UL><LI><a href="#[380]">&gt;&gt;</a>&nbsp;&nbsp;&nbsp;_dadd
</UL>

<P><STRONG><a name="[394]"></a>dsub_uncommon_first</STRONG> (Thumb, 0 bytes, Stack size unknown bytes, daddsub_clz.o(x$fpl$dsub), UNUSED)
<BR><BR>[Called By]<UL><LI><a href="#[392]">&gt;&gt;</a>&nbsp;&nbsp;&nbsp;_drsb
</UL>

<P><STRONG><a name="[382]"></a>dsub_zerodenorm</STRONG> (Thumb, 0 bytes, Stack size unknown bytes, daddsub_clz.o(x$fpl$dsub), UNUSED)
<BR><BR>[Called By]<UL><LI><a href="#[380]">&gt;&gt;</a>&nbsp;&nbsp;&nbsp;_dadd
</UL>

<P><STRONG><a name="[234]"></a>_fp_digits</STRONG> (Thumb, 222 bytes, Stack size 80 bytes, _printf_fp_dec_accurate.o(.text))
<BR><BR>[Stack]<UL><LI>Max Depth = 1136<LI>Call Chain = _fp_digits &rArr; _btod_main &rArr; _btod_common &rArr; _btod_pow &rArr; _btod_mul
</UL>
<BR>[Calls]<UL><LI><a href="#[235]">&gt;&gt;</a>&nbsp;&nbsp;&nbsp;__ieee_status
<LI><a href="#[236]">&gt;&gt;</a>&nbsp;&nbsp;&nbsp;_btod_main
</UL>
<BR>[Called By]<UL><LI><a href="#[237]">&gt;&gt;</a>&nbsp;&nbsp;&nbsp;_printf_fp_dec_real
</UL>
<P>
<H3>
Undefined Global Symbols
</H3><HR></body></html>
